 snp2uvc

 Timestamp is 55a74afc (Thu Jul 16 14:11:08 2015)

 Preferred load address is 00010000

 Start         Length     Name                   Class
 0001:00000000 000193e2H .text                   CODE
 0001:000193e2 00001000H .text$s                 CODE
 0002:00000000 00000134H .idata$5                DATA
 0002:00000140 000047bcH .rdata                  DATA
 0002:000048fc 00000045H .rdata$debug            DATA
 0003:00000000 00001438H .data                   DATA
 0003:00001440 0000a038H .bss                    DATA
 0004:00000000 00189dafH PAGE                    CODE
 0004:00189db0 00000018H PAGE$s                  CODE
 0005:00000000 0000004eH INIT                    CODE
 0005:00000050 00000050H .idata$2                CODE
 0005:000000a0 00000014H .idata$3                CODE
 0005:000000b4 00000134H .idata$4                CODE
 0005:000001e8 00000650H .idata$6                CODE
 0006:00000000 00000058H .rsrc$01                DATA
 0006:00000060 000002b8H .rsrc$02                DATA

  Address         Publics by Value              Rva+Base       Lib:Object

 0000:00000000       ___safe_se_handler_count   00000000     <absolute>
 0000:00000000       ___safe_se_handler_table   00000000     <absolute>
 0001:00000006       ?CJPEG_CJPEG@@YGPAU_CJPEG@@XZ 00010486 f   jpeg.obj
 0001:000001e0       ?CJPEG_Reset@@YGXPAU_CJPEG@@@Z 00010660 f   jpeg.obj
 0001:000001e0       ?CScale_Reset@@YGXPAU_CScale@@@Z 00010660 f   scale.obj
 0001:000001e8       ?CJPEG_SetJPEGSize@@YGHPAU_CJPEG@@JJJJJJJJ@Z 00010668 f   jpeg.obj
 0001:000002fc       ?CJPEG_Set_Y_QTAB@@YGXPAU_CJPEG@@PAE@Z 0001077c f   jpeg.obj
 0001:00000400       ?CJPEG_Set_C_QTAB@@YGXPAU_CJPEG@@PAE@Z 00010880 f   jpeg.obj
 0001:00000506       ?CJPEG_GetHeader@@YGXPAU_CJPEG@@PAE@Z 00010986 f   jpeg.obj
 0001:00000532       ?CJPEG_GetReport@@YGPAUJPEGReport@@PAU_CJPEG@@@Z 000109b2 f   jpeg.obj
 0001:00000548       ?CJPEG_GetBits@@YGKPAUStreamBuf@@J@Z 000109c8 f i jpeg.obj
 0001:00000644       ?CJPEG_HuffDecode@@YGJPAUStreamBuf@@PAUHuffTable@@@Z 00010ac4 f i jpeg.obj
 0001:0000069c       ?CJPEG_HuffExtend@@YGJJJ@Z 00010b1c f i jpeg.obj
 0001:000006c6       ?IDCTY@@YGXPAF0PAE0JH@Z    00010b46 f   jpeg.obj
 0001:00000c0c       ?IDCTC@@YGXPAF0PAE0JH@Z    0001108c f   jpeg.obj
 0001:00001080       ?CJPEG_JPEGDecode@@YGXPAU_CJPEG@@PAE1K@Z 00011500 f   jpeg.obj
 0001:000019be       ?CScale_CScale@@YGPAU_CScale@@XZ 00011e3e f   scale.obj
 0001:000019fa       ?CScale_CreateScalingTap@@YGXPAU_CScale@@@Z 00011e7a f   scale.obj
 0001:00001b58       ?CScale_UpSample@@YGXPAU_CScale@@PAE1@Z 00011fd8 f   scale.obj
 0001:00002176       ?CScale_GetParam@@YGPAUScaleParam@@PAU_CScale@@@Z 000125f6 f   scale.obj
 0001:00002176       ?CJPEG_GetParam@@YGPAUJPEGParam@@PAU_CJPEG@@@Z 000125f6 f   jpeg.obj
 0001:00002188       ?CScale_SetScaleSize@@YGHPAU_CScale@@HHHHHHHHQAH1@Z 00012608 f   scale.obj
 0001:0000224e       ?CShell_CShell@@YGPAU_CShell@@XZ 000126ce f   shell.obj
 0001:000023c4       ?CShell__CShell@@YGXPAU_CShell@@@Z 00012844 f   shell.obj
 0001:0000243e       ?CShell_ReadFaceTrackParamFromReg@@YGXPAU_CShell@@PAK@Z 000128be f   shell.obj
 0001:0000245e       ?CShell_SetProcessInfo@@YGXPAU_CShell@@KPAE1PAUQTableInfo@@@Z 000128de f   shell.obj
 0001:00002490       ?CShell_SetSize@@YGHPAU_CShell@@HHHHHHHHHHQAH1H@Z 00012910 f   shell.obj
 0001:00002584       ?CShell_SetHMirror@@YGHPAU_CShell@@H@Z 00012a04 f   shell.obj
 0001:0000259e       ?CShell_SetVMirror@@YGHPAU_CShell@@H@Z 00012a1e f   shell.obj
 0001:000025b8       ?CShell_SetRotateState@@YGHPAU_CShell@@W4RotateState@@@Z 00012a38 f   shell.obj
 0001:000025d2       ?CShell_GetJPEGParam@@YGPAUJPEGParam@@PAU_CShell@@@Z 00012a52 f   shell.obj
 0001:000025ee       ?CShell_GetJPEGReport@@YGPAUJPEGReport@@PAU_CShell@@@Z 00012a6e f   shell.obj
 0001:0000260a       ?CShell_GetScaleParam@@YGPAUScaleParam@@PAU_CShell@@@Z 00012a8a f   shell.obj
 0001:00002626       ?CShell_GetFaceReport@@YGPAUFaceReport@@PAU_CShell@@@Z 00012aa6 f   shell.obj
 0001:00002642       ?CShell_SetBW@@YGXPAU_CShell@@H@Z 00012ac2 f   shell.obj
 0001:0000265a       ?CShell_YUVDefectCompensation@@YGXPAU_CShell@@@Z 00012ada f   shell.obj
 0001:00003182       ?CShell_BlackWhite@@YGXPAU_CShell@@@Z 00013602 f   shell.obj
 0001:00003238       ?CShell_YUYVProcess@@YGXPAU_CShell@@@Z 000136b8 f   shell.obj
 0001:00003374       ?CShell_YUYV_S420_Process@@YGXPAU_CShell@@@Z 000137f4 f   shell.obj
 0001:000034ba       ?CShell_DenoiseTech@@YGXPAU_CShell@@@Z 0001393a f   shell.obj
 0001:00004e4e       ?CShell_Reset@@YGXPAU_CShell@@@Z 000152ce f   shell.obj
 0001:00004eb0       ?CShell_YUV2RGB24@@YGXPAU_CShell@@@Z 00015330 f   shell.obj
 0001:000056c4       ?CShell_YUV2I420@@YGXPAU_CShell@@@Z 00015b44 f   shell.obj
 0001:00005c8c       ?CShell_YUV2YUY2@@YGXPAU_CShell@@@Z 0001610c f   shell.obj
 0001:00006114       ?CShell_YUVRotate@@YGXPAU_CShell@@@Z 00016594 f   shell.obj
 0001:000062d0       ?CShell_Process@@YGXPAU_CShell@@HW4DataInput@@W4ColorSpace@@@Z 00016750 f   shell.obj
 0001:0000665e       ??0UsbDev@@QAE@XZ          00016ade f   usbdev.obj
 0001:000066a8       ??1UsbDev@@QAE@XZ          00016b28 f   usbdev.obj
 0001:000066fe       ?GetNoOfAlternateSetting@UsbDev@@QAEHE@Z 00016b7e f   usbdev.obj
 0001:00006742       ?GetPipeInfo@UsbDev@@QAEJEEPAU_USBD_PIPE_INFORMATION@@@Z 00016bc2 f   usbdev.obj
 0001:0000678a       ?UsbBulkOrInterruptTransfer@UsbDev@@QAEJPAU_IRP@@PAU_URB@@PAU_USBD_PIPE_INFORMATION@@HPAXPAU_MDL@@K33@Z 00016c0a f   usbdev.obj
 0001:0000684a       ?UsbIsochronousTransfer@UsbDev@@QAEJPAU_IRP@@PAU_URB@@PAU_USBD_PIPE_INFORMATION@@HPAXPAU_MDL@@33@Z 00016cca f   usbdev.obj
 0001:0000694e       ?SetUsbPDO@UsbDev@@IAEXPAU_DEVICE_OBJECT@@@Z 00016dce f   usbdev.obj
 0001:00006962       ?SyncCompletionRoutine@@YGJPAU_DEVICE_OBJECT@@PAU_IRP@@PAX@Z 00016de2 f   usbdev.obj
 0001:00006982       ?SendAwaitUrb@UsbDev@@IAEJPAU_URB@@@Z 00016e02 f   usbdev.obj
 0001:00006a76       ?GetDeviceDescriptor@UsbDev@@IAEJXZ 00016ef6 f   usbdev.obj
 0001:00006af0       ?GetConfigurationDescriptor@UsbDev@@IAEJXZ 00016f70 f   usbdev.obj
 0001:00006c02       ?SetConfiguration@UsbDev@@IAEJXZ 00017082 f   usbdev.obj
 0001:00006e62       ?ReturnConfigDesc@UsbDev@@QAEPAU_USB_CONFIGURATION_DESCRIPTOR@@E@Z 000172e2 f   usbdev.obj
 0001:00006e78       ?SendDeviceSetPowerComplete@@YGXPAU_DEVICE_OBJECT@@ET_POWER_STATE@@PAU_SDSP_CONTEXT@@PAU_IO_STATUS_BLOCK@@@Z 000172f8 f   usbdev.obj
 0001:00006e9e       ?SendDeviceSetPower@UsbDev@@QAEJW4_DEVICE_POWER_STATE@@H@Z 0001731e f   usbdev.obj
 0001:00006f10       ?SelectiveSuspendCallback@@YGXPAVUsbDev@@@Z 00017390 f   usbdev.obj
 0001:00006f88       ?SelectiveSuspendCompletionRoutine@@YGJPAU_DEVICE_OBJECT@@PAU_IRP@@PAVUsbDev@@@Z 00017408 f   usbdev.obj
 0001:00006fca       ?SubmitIdleRequestIrp@UsbDev@@QAEJXZ 0001744a f   usbdev.obj
 0001:000070b6       ?CancelSelectiveSuspend@UsbDev@@QAEXXZ 00017536 f   usbdev.obj
 0001:0000712c       ?UninitializeUsbDevice@UsbDev@@QAEJXZ 000175ac f   usbdev.obj
 0001:00007134       ?InitializeUsbDevice@UsbDev@@QAEJPAX@Z 000175b4 f   usbdev.obj
 0001:00007168       ?SetAlternate@UsbDev@@QAEJEE@Z 000175e8 f   usbdev.obj
 0001:000072a8       ?UsbControlVendorTransfer@UsbDev@@QAEJGHEGGPAXK@Z 00017728 f   usbdev.obj
 0001:0000733e       ?PipeAbortOrReset@UsbDev@@QAEJEEE@Z 000177be f   usbdev.obj
 0001:000073f4       ?DispatchSetState@CCapturePin@@SGJPAU_KSPIN@@W4KSSTATE@@1@Z 00017874 f i streamdata.obj
 0001:00007414       ?DispatchProcess@CCapturePin@@SGJPAU_KSPIN@@@Z 00017894 f i streamdata.obj
 0001:0000742e       ?DispatchSetState@CStillPin@@SGJPAU_KSPIN@@W4KSSTATE@@1@Z 000178ae f i streamdata.obj
 0001:0000744e       ?DispatchProcess@CStillPin@@SGJPAU_KSPIN@@@Z 000178ce f i streamdata.obj
 0001:00007468       ??2@YGPAXIW4_POOL_TYPE@@@Z 000178e8 f i device.obj
 0001:000074a0       ??_GCVideoStream@@QAEPAXI@Z 00017920 f i device.obj
 0001:000074c6       ??0CCaptureDevice@@QAE@PAU_KSDEVICE@@@Z 00017946 f   device.obj
 0001:0000750c       ??1CCaptureDevice@@QAE@XZ  0001798c f   device.obj
 0001:0000752c       ?PnpStart@CCaptureDevice@@AAEJPAU_CM_RESOURCE_LIST@@0@Z 000179ac f   device.obj
 0001:00007578       ?PostStart@CCaptureDevice@@AAEJXZ 000179f8 f   device.obj
 0001:000075ec       ?PnpStop@CCaptureDevice@@AAEXXZ 00017a6c f   device.obj
 0001:00007614       ?SurpriseRemoval@CCaptureDevice@@AAEXXZ 00017a94 f   device.obj
 0001:0000763c       ?AcquireHardwareResources@CCaptureDevice@@QAEJPAUtagKS_VIDEOINFOHEADER@@K@Z 00017abc f   device.obj
 0001:000076de       ?ReleaseHardwareResources@CCaptureDevice@@QAEXK@Z 00017b5e f   device.obj
 0001:0000771e       ?StreamOpen@CCaptureDevice@@QAEJHPAU_KSPIN@@@Z 00017b9e f   device.obj
 0001:0000779a       ?Start@CCaptureDevice@@QAEJPAU_KSPIN@@@Z 00017c1a f   device.obj
 0001:000077c0       ?Pause@CCaptureDevice@@QAEJPAU_KSPIN@@E@Z 00017c40 f   device.obj
 0001:000077f0       ?Stop@CCaptureDevice@@QAEJPAU_KSPIN@@@Z 00017c70 f   device.obj
 0001:00007816       ?FrameReadingProcess@CCaptureDevice@@QAEJPAU_KSPIN@@PAUKSSTREAM_HEADER@@@Z 00017c96 f   device.obj
 0001:00007852       ?SetPowerState@CCaptureDevice@@AAEXW4_DEVICE_POWER_STATE@@0@Z 00017cd2 f   device.obj
 0001:00007888       _DriverEntry@8             00017d08 f   device.obj
 0001:000078a8       ?DispatchRemove@CCaptureDevice@@SGXPAU_KSDEVICE@@PAU_IRP@@@Z 00017d28 f i device.obj
 0001:000078b0       ?DispatchPnpStart@CCaptureDevice@@SGJPAU_KSDEVICE@@PAU_IRP@@PAU_CM_RESOURCE_LIST@@2@Z 00017d30 f i device.obj
 0001:000078d0       ?DispatchPostStart@CCaptureDevice@@SGJPAU_KSDEVICE@@@Z 00017d50 f i device.obj
 0001:000078ea       ?DispatchSetPower@CCaptureDevice@@SGXPAU_KSDEVICE@@PAU_IRP@@W4_DEVICE_POWER_STATE@@2@Z 00017d6a f i device.obj
 0001:0000790a       ?DispatchPnpStop@CCaptureDevice@@SGXPAU_KSDEVICE@@PAU_IRP@@@Z 00017d8a f i device.obj
 0001:00007924       ?DispatchPnpSurpriseRemoval@CCaptureDevice@@SGXPAU_KSDEVICE@@PAU_IRP@@@Z 00017da4 f i device.obj
 0001:0000793e       ?DispatchQueryCapabilities@CCaptureDevice@@SGJPAU_KSDEVICE@@PAU_IRP@@PAU_DEVICE_CAPABILITIES@@@Z 00017dbe f i device.obj
 0001:00007958       ??_GCCaptureDevice@@QAEPAXI@Z 00017dd8 f i device.obj
 0001:0000797e       ?Cleanup@CVideoStream@@SGXPAV1@@Z 00017dfe f i device.obj
 0001:0000799a       ?Cleanup@CCaptureDevice@@CGXPAV1@@Z 00017e1a f i device.obj
 0001:000079b6       ?DispatchCreate@CCaptureDevice@@SGJPAU_KSDEVICE@@@Z 00017e36 f   device.obj
 0001:00007ab4       ??0CCaptureFilter@@QAE@PAU_KSFILTER@@@Z 00017f34 f i filter.obj
 0001:00007ad8       ?Cleanup@CCaptureFilter@@CGXPAV1@@Z 00017f58 f i filter.obj
 0001:00007ad8       ?Cleanup@CStillPin@@CGXPAV1@@Z 00017f58 f i still.obj
 0001:00007ad8       ?CJPEG__CJPEG@@YGXPAU_CJPEG@@@Z 00017f58 f i jpeg.obj
 0001:00007ad8       ?FreeTS@@YGXPAUSTRUCT_TS@@@Z 00017f58 f i transportstream.obj
 0001:00007ad8       ?FreePMT@@YGXPAUSTRUCT_PMT@@@Z 00017f58 f i transportstream.obj
 0001:00007ad8       ?Cleanup@CCapturePin@@CGXPAV1@@Z 00017f58 f i capture.obj
 0001:00007ad8       ?CScale__CScale@@YGXPAU_CScale@@@Z 00017f58 f i scale.obj
 0001:00007ad8       ?FreePAT@@YGXPAUSTRUCT_PAT@@@Z 00017f58 f i transportstream.obj
 0001:00007af4       ?KeDelay@@YGJH@Z           00017f74 f i capture.obj
 0001:00007b22       ??0CCapturePin@@QAE@PAU_KSPIN@@@Z 00017fa2 f   capture.obj
 0001:00007b50       ?DispatchClose@CCapturePin@@SGJPAU_KSPIN@@PAU_IRP@@@Z 00017fd0 f   capture.obj
 0001:00007b80       ?CaptureVideoInfoHeader@CCapturePin@@AAEPAUtagKS_VIDEOINFOHEADER@@XZ 00018000 f   capture.obj
 0001:00007bec       ?WorkaroundHPBug@@YGXPAEPAK@Z 0001806c f   capture.obj
 0001:00007c6c       ?Process@CCapturePin@@AAEJXZ 000180ec f   capture.obj
 0001:00007e4c       ?CleanupReferences@CCapturePin@@AAEJXZ 000182cc f   capture.obj
 0001:00007e86       ?SetState@CCapturePin@@AAEJW4KSSTATE@@0@Z 00018306 f   capture.obj
 0001:00007fd8       ?IntersectHandler@CCapturePin@@SGJPAU_KSFILTER@@PAU_IRP@@PAUKSP_PIN@@PATKSDATAFORMAT@@3KPAXPAK@Z 00018458 f   capture.obj
 0001:00008172       ?MultiplyCheckOverflow@@YGHKKPAK@Z 000185f2 f   capture.obj
 0001:000081a4       ?DispatchSetFormat@CCapturePin@@SGJPAU_KSPIN@@PATKSDATAFORMAT@@PAUKSMULTIPLE_ITEM@@PBT3@PBUKSATTRIBUTE_LIST@@@Z 00018624 f   capture.obj
 0001:00008338       ?DispatchCreate@CCapturePin@@SGJPAU_KSPIN@@PAU_IRP@@@Z 000187b8 f   capture.obj
 0001:000084b0       ?KsGateTurnInputOff@@YGXPAU_KSGATE@@@Z 00018930 f i still.obj
 0001:000084d8       ??0CVideoStream@@QAE@PAU_KSDEVICE@@@Z 00018958 f   videostream.obj
 0001:00008536       ??1CVideoStream@@QAE@XZ    000189b6 f   videostream.obj
 0001:0000853c       ??_GCVideoDevice@@QAEPAXI@Z 000189bc f i videostream.obj
 0001:00008562       ?CurrentDevExt@CVideoStream@@IAEPAUDevExt@@XZ 000189e2 f i videostream.obj
 0001:00008580       ?LoadDefaultSettings@CVideoStream@@AAEJHE@Z 00018a00 f   videostream.obj
 0001:00008de6       ?Get_ExUnit_Control_Value@CVideoStream@@QAEJKKKKEEPAE@Z 00019266 f   videostream.obj
 0001:00008f38       ?Set_ExUnit_Control_Value@CVideoStream@@QAEJKKKKEEPAE@Z 000193b8 f   videostream.obj
 0001:00008fe2       ?Get_Cur_AUXLED_Value@CVideoStream@@QAEJPAJ@Z 00019462 f   videostream.obj
 0001:000090ba       ?Set_Cur_AUXLED_Value@CVideoStream@@QAEJJ@Z 0001953a f   videostream.obj
 0001:00009178       ?Get_Cur_WBC_Value@CVideoStream@@QAEJPAJ@Z 000195f8 f   videostream.obj
 0001:00009244       ?Set_Cur_WBC_Value@CVideoStream@@QAEJJ@Z 000196c4 f   videostream.obj
 0001:0000930a       ?Get_Cur_WBC_Green_Value@CVideoStream@@QAEJPAJ@Z 0001978a f   videostream.obj
 0001:00009386       ?Set_Cur_WBC_Green_Value@CVideoStream@@QAEJJ@Z 00019806 f   videostream.obj
 0001:00009406       ?Get_Cur_WBCAuto_Value@CVideoStream@@QAEJPAJ@Z 00019886 f   videostream.obj
 0001:00009478       ?Set_Cur_WBCAuto_Value@CVideoStream@@QAEJJ@Z 000198f8 f   videostream.obj
 0001:000094de       ?Get_Cur_Privacy_Value@CVideoStream@@QAEJPAJ@Z 0001995e f   videostream.obj
 0001:00009550       ??$_Pow_int@N@@YGNNH@Z     000199d0 f i videostream.obj
 0001:0000958c       ?InitializationComplete@CVideoStream@@QAEJXZ 00019a0c f   videostream.obj
 0001:0000961a       ?SurpriseRemoval@CVideoStream@@QAEJXZ 00019a9a f   videostream.obj
 0001:00009660       ?OpenStream@CVideoStream@@QAEJPAU_KSPIN@@@Z 00019ae0 f   videostream.obj
 0001:00009ac4       ?CloseStream@CVideoStream@@QAEJPAU_KSPIN@@@Z 00019f44 f   videostream.obj
 0001:00009b6e       ?GetStreamProperty@CVideoStream@@QAEJPAU_IRP@@PAUKSIDENTIFIER@@PAX@Z 00019fee f   videostream.obj
 0001:00009dac       ?ReadData@CVideoStream@@QAEJPAU_KSPIN@@PAUKSSTREAM_HEADER@@K@Z 0001a22c f   videostream.obj
 0001:0000a272       ?SetImageFormat@CVideoStream@@AAEJXZ 0001a6f2 f   videostream.obj
 0001:0000a85a       ?LoadHWDefaultValues@CVideoStream@@AAEJXZ 0001acda f   videostream.obj
 0001:0000becc       ?CurrentSettings@CVideoStream@@QAEJHH@Z 0001c34c f   videostream.obj
 0001:0000ce52       ?InitializeDevice@CVideoStream@@QAEJXZ 0001d2d2 f   videostream.obj
 0001:0000e4fa       ?UninitializeDevice@CVideoStream@@QAEJXZ 0001e97a f   videostream.obj
 0001:0000e6a0       ?SetStreamState@CVideoStream@@QAEJPAU_KSPIN@@W4KSSTATE@@@Z 0001eb20 f   videostream.obj
 0001:0000e84e       ?SetDeviceProperty@CVideoStream@@QAEJPAU_IRP@@PAUKSIDENTIFIER@@PAX@Z 0001ecce f   videostream.obj
 0001:0000f240       ?GetDeviceProperty@CVideoStream@@QAEJPAU_IRP@@PAUKSIDENTIFIER@@PAX@Z 0001f6c0 f   videostream.obj
 0001:0000fd2a       ?ChangePowerState@CVideoStream@@QAEJW4_DEVICE_POWER_STATE@@0@Z 000201aa f   videostream.obj
 0001:0000fda6       ??0CVideoDevice@@QAE@XZ    00020226 f   videodevice.obj
 0001:0000fe94       ??1CVideoDevice@@QAE@XZ    00020314 f   videodevice.obj
 0001:00010054       ?AllocateStramingBuffer@CVideoDevice@@QAEJXZ 000204d4 f   videodevice.obj
 0001:000101a6       ?FreeStramingBuffer@CVideoDevice@@QAEXXZ 00020626 f   videodevice.obj
 0001:0001023e       ?PreparingStreamIrps@CVideoDevice@@QAEJPAUDevExt@@PAU_DEVICE_OBJECT@@@Z 000206be f   videodevice.obj
 0001:0001034e       ?UnPreparingStreamIrps@CVideoDevice@@QAEJPAUDevExt@@@Z 000207ce f   videodevice.obj
 0001:000103b4       ?CheckForSonix@CVideoDevice@@AAEJXZ 00020834 f   videodevice.obj
 0001:0001046c       ?GetUsbIoCount@CVideoDevice@@QAEJXZ 000208ec f   videodevice.obj
 0001:0001047e       ?USB_ControlClassCommand@CVideoDevice@@QAEJEGGPAXKE@Z 000208fe f   videodevice.obj
 0001:000104f8       ?GetInstanceKey@CVideoDevice@@AAEJPAU_DEVICE_OBJECT@@@Z 00020978 f   videodevice.obj
 0001:000106c2       ?WriteDeviceInfoToReg@CVideoDevice@@QAEJJ@Z 00020b42 f   videodevice.obj
 0001:000107a8       ?StillPinProbeCommit@CVideoDevice@@AAEJEE@Z 00020c28 f   videodevice.obj
 0001:0001085e       ?CapturePinProbeCommit@CVideoDevice@@AAEJKEEK@Z 00020cde f   videodevice.obj
 0001:0001094c       ?ReadSnapShotStateFromReg@CVideoDevice@@AAEJXZ 00020dcc f   videodevice.obj
 0001:0001096a       ?WriteSnapShotStateToReg@CVideoDevice@@AAEJXZ 00020dea f   videodevice.obj
 0001:0001098e       ?GetDataBuffer@CVideoDevice@@AAEPAUDataBufContent@@W4DATABUFOP@@K@Z 00020e0e f   videodevice.obj
 0001:00010b06       ?ReturnDataBuffer@CVideoDevice@@AAEXW4DATABUFOP@@K@Z 00020f86 f   videodevice.obj
 0001:00010c68       ?ParseTransferBuffer@CVideoDevice@@AAEJPAEKKK@Z 000210e8 f   videodevice.obj
 0001:00010f16       ?SetASICShellSize@CVideoDevice@@QAEKIIIHHH_NH@Z 00021396 f   videodevice.obj
 0001:000111d0       ?CheckCapturePinBandwidth@CVideoDevice@@QAEJAAUtagKS_VIDEOINFOHEADER@@@Z 00021650 f   videodevice.obj
 0001:0001136a       ?CheckStillPinBandwidth@CVideoDevice@@QAEJAAUtagKS_VIDEOINFOHEADER@@@Z 000217ea f   videodevice.obj
 0001:000114da       ?Pause@CVideoDevice@@QAEJK@Z 0002195a f   videodevice.obj
 0001:00011578       ?Stop@CVideoDevice@@QAEJK@Z 000219f8 f   videodevice.obj
 0001:000116cc       ?StopInterruptPipe@CVideoDevice@@QAEJXZ 00021b4c f   videodevice.obj
 0001:000116de       ?SurpriseRemoval@CVideoDevice@@QAEJXZ 00021b5e f   videodevice.obj
 0001:0001171a       ?EventHandler@CVideoDevice@@IAEXXZ 00021b9a f   videodevice.obj
 0001:0001198c       ?UVC_ParseConfigurationDescriptor@CVideoDevice@@AAEJPAU_USB_CONFIGURATION_DESCRIPTOR@@@Z 00021e0c f   videodevice.obj
 0001:0001325a       ?EventHandlerRoutine@@YGXPAVCVideoDevice@@@Z 000236da f   videodevice.obj
 0001:00013288       ?ASIC_Communication@CVideoDevice@@QAEJEEGPAE@Z 00023708 f   videodevice.obj
 0001:000132da       ?SF_Communication@CVideoDevice@@QAEJEGGPAE@Z 0002375a f   videodevice.obj
 0001:00013386       ?GetSectorTableAddr@CVideoDevice@@QAEJPAG@Z 00023806 f   videodevice.obj
 0001:000133f4       ?GetExtensionFrameRate@CVideoDevice@@QAEJXZ 00023874 f   videodevice.obj
 0001:000136f2       ?GetExposureValue@CVideoDevice@@QAEFK@Z 00023b72 f   videodevice.obj
 0001:00013718       ?TSMuxRoutine@@YGXPAVCVideoDevice@@@Z 00023b98 f   videodevice.obj
 0001:000138e2       ?Report_Black_Image@CVideoDevice@@AAEHPAUtagKS_VIDEOINFOHEADER@@PAEE@Z 00023d62 f   videodevice.obj
 0001:00013998       ?RunningWindowsVersion@CVideoDevice@@QAEGXZ 00023e18 f   videodevice.obj
 0001:000139b2       ?InitializeDevice@CVideoDevice@@QAEJPAUDevExt@@PAU_DEVICE_OBJECT@@1@Z 00023e32 f   videodevice.obj
 0001:00013da8       ?StillPinTrigger@CVideoDevice@@QAEJXZ 00024228 f   videodevice.obj
 0001:0001411e       ?IsoCompleteRoutine@@YGJPAU_DEVICE_OBJECT@@PAU_IRP@@PAX@Z 0002459e f   videodevice.obj
 0001:000143fe       ?BulkCompleteRoutine@@YGJPAU_DEVICE_OBJECT@@PAU_IRP@@PAX@Z 0002487e f   videodevice.obj
 0001:000144de       ?ReadStill@CVideoDevice@@QAEJPAEPAUtagKS_VIDEOINFOHEADER@@@Z 0002495e f   videodevice.obj
 0001:0001480a       ?Read@CVideoDevice@@QAEJPAEPAUtagKS_VIDEOINFOHEADER@@_JH@Z 00024c8a f   videodevice.obj
 0001:000158b8       ?UpdateImageControlProperties@CVideoDevice@@QAEJKHJ@Z 00025d38 f   videodevice.obj
 0001:000160a6       ?StartMuxThread@CVideoDevice@@AAEJXZ 00026526 f   videodevice.obj
 0001:000160ea       ?Run@CVideoDevice@@QAEJAAUtagKS_VIDEOINFOHEADER@@PAU_KSPIN@@@Z 0002656a f   videodevice.obj
 0001:00016858       ?UpdateProgramTable@@YGXG@Z 00026cd8 f   transportstream.obj
 0001:000168ba       ?Combine_PES@@YGHPAUSTRUCT_PES@@@Z 00026d3a f   transportstream.obj
 0001:000169a2       ?GenerateCRCInput_PAT@@YGXPAUSTRUCT_PAT@@HPAE@Z 00026e22 f   transportstream.obj
 0001:00016a2c       ?GenerateCRCInput_PMT@@YGXPAUSTRUCT_PMT@@HPAE@Z 00026eac f   transportstream.obj
 0001:00016adc       ?Combine_PAT@@YGXPAUSTRUCT_PAT@@HH@Z 00026f5c f   transportstream.obj
 0001:00016bba       ?Combine_PMT@@YGXPAUSTRUCT_PMT@@HH@Z 0002703a f   transportstream.obj
 0001:00016cc6       ?InitGlobalVar@@YGXXZ      00027146 f   transportstream.obj
 0001:00016d76       ?BitMaskRange@@YGEHH@Z     000271f6 f   transportstream.obj
 0001:00016d98       ?GetByteVal@@YGEEHH@Z      00027218 f   transportstream.obj
 0001:00016dc0       ?ByteToByte@@YG_NEHHAAEHH@Z 00027240 f   transportstream.obj
 0001:00016e12       ?Return_Contin_Counter@@YGEG@Z 00027292 f   transportstream.obj
 0001:00016e3e       ?Calc_PCR@@YGXPAE0@Z       000272be f   transportstream.obj
 0001:00016e9e       ?Calc_PTS@@YGXPAE@Z        0002731e f   transportstream.obj
 0001:00016efe       ?Calc_DTS@@YGXPAE@Z        0002737e f   transportstream.obj
 0001:00016f5e       ?crc32@@YGKPBEH@Z          000273de f   transportstream.obj
 0001:00016f9a       ?FreePES@@YGXPAUSTRUCT_PES@@@Z 0002741a f   transportstream.obj
 0001:00016fe2       ?Set_TS_Header@@YGXPAUSTRUCT_TS@@GHH_N@Z 00027462 f   transportstream.obj
 0001:00017194       ?Construct_PES@@YGHPAUSTRUCT_PES@@PBEH@Z 00027614 f   transportstream.obj
 0001:00017560       ?Construct_PAT@@YGXPAUSTRUCT_PAT@@@Z 000279e0 f   transportstream.obj
 0001:00017638       ?Comine_Packet_TO_TS@@YGXPAUSTRUCT_TS@@PAEH@Z 00027ab8 f   transportstream.obj
 0001:000176de       ?Construct_PMT@@YGXPAUSTRUCT_PMT@@@Z 00027b5e f   transportstream.obj
 0001:000177e2       ?Construct_PES_TO_TS@@YG_NPBEHGPAEAAH@Z 00027c62 f   transportstream.obj
 0001:00017b54       ?Construct_PAT_TO_TS@@YGXPAE@Z 00027fd4 f   transportstream.obj
 0001:00017bc6       ?Construct_PMT_TO_TS@@YGXPAE@Z 00028046 f   transportstream.obj
 0001:00017c3e       ?Construct_TS@@YGXHPBEHPAEAAH@Z 000280be f   transportstream.obj
 0001:00017c95       @__security_check_cookie@4 00028115 f   BufferOverflowK:secchk.obj
 0001:00017caa       ___report_gsfailure        0002812a f   BufferOverflowK:gs_report.obj
 0001:00017cd6       _memcpy                    00028156 f   wdm:ntoskrnl.exe
 0001:00017ce2       _DbgPrint                  00028162 f   wdm:ntoskrnl.exe
 0001:00017cee       _memset                    0002816e f   wdm:ntoskrnl.exe
 0001:00017d00       __allmul                   00028180 f   wdm:llmul.obj
 0001:00017d40       __alldiv                   000281c0 f   wdm:lldiv.obj
 0001:00017df0       __aulldiv                  00028270 f   wdm:ulldiv.obj
 0001:00017e60       __allshr                   000282e0 f   wdm:llshr.obj
 0001:00017e90       __ftol2_sse                00028310 f   libcntpr:ftol2.obj
 0001:00017e92       __ftol2                    00028312 f   libcntpr:ftol2.obj
 0001:00017f10       _cos                       00028390 f   libcntpr:cos.obj
 0001:00017f14       __CIcos                    00028394 f   libcntpr:cos.obj
 0001:00017f16       __CIcos_default            00028396 f   libcntpr:cos.obj
 0001:00017f2a       __cos_default              000283aa     libcntpr:cos.obj
 0001:00017fd0       _asin                      00028450 f   libcntpr:asin.obj
 0001:00017fd4       __CIasin                   00028454 f   libcntpr:asin.obj
 0001:00017fd6       __CIasin_default           00028456 f   libcntpr:asin.obj
 0001:00017fea       __asin_default             0002846a     libcntpr:asin.obj
 0001:000180b0       __CIsqrt                   00028530 f   libcntpr:sqrt.obj
 0001:000180c4       _sqrt                      00028544     libcntpr:sqrt.obj
 0001:00018170       _sin                       000285f0 f   libcntpr:sin.obj
 0001:00018174       __CIsin                    000285f4 f   libcntpr:sin.obj
 0001:00018176       __CIsin_default            000285f6 f   libcntpr:sin.obj
 0001:0001818a       __sin_default              0002860a     libcntpr:sin.obj
 0001:0001822c       __alloca_probe             000286ac     libcntpr:chkstk.obj
 0001:0001822c       __chkstk                   000286ac f   libcntpr:chkstk.obj
 0001:00018260       _log                       000286e0 f   libcntpr:log.obj
 0001:00018264       __CIlog                    000286e4 f   libcntpr:log.obj
 0001:00018266       __CIlog_default            000286e6 f   libcntpr:log.obj
 0001:0001827a       __log_default              000286fa     libcntpr:log.obj
 0001:00018340       __trandisp1                000287c0 f   libcntpr:87disp.obj
 0001:000183a7       __trandisp2                00028827 f   libcntpr:87disp.obj
 0001:00018433       __rttospopde               000288b3     libcntpr:87disp.obj
 0001:00018438       __rttospop                 000288b8     libcntpr:87disp.obj
 0001:0001843a       __rtnospop                 000288ba     libcntpr:87disp.obj
 0001:0001843c       __rttosnpop                000288bc     libcntpr:87disp.obj
 0001:0001843d       __rtnospopde               000288bd     libcntpr:87disp.obj
 0001:00018444       __rtzeropop                000288c4     libcntpr:87disp.obj
 0001:00018446       __rtzeronpop               000288c6     libcntpr:87disp.obj
 0001:0001844b       __rtonepop                 000288cb     libcntpr:87disp.obj
 0001:0001844d       __rtonenpop                000288cd     libcntpr:87disp.obj
 0001:00018452       __tosnan1                  000288d2     libcntpr:87disp.obj
 0001:0001847d       __nosnan2                  000288fd     libcntpr:87disp.obj
 0001:0001847f       __tosnan2                  000288ff     libcntpr:87disp.obj
 0001:000184a7       __nan2                     00028927     libcntpr:87disp.obj
 0001:000184e6       __rtindfpop                00028966     libcntpr:87disp.obj
 0001:000184e8       __rtindfnpop               00028968     libcntpr:87disp.obj
 0001:000184f9       __rttosnpopde              00028979     libcntpr:87disp.obj
 0001:00018503       __rtchsifneg               00028983     libcntpr:87disp.obj
 0001:00018510       __twoToTOS                 00028990 f   libcntpr:common.obj
 0001:00018525       __load_CW                  000289a5 f   libcntpr:common.obj
 0001:0001853c       __convertTOStoQNaN         000289bc f   libcntpr:common.obj
 0001:00018555       __fload_withFB             000289d5 f   libcntpr:common.obj
 0001:00018598       __checkTOS_withFB          00028a18 f   libcntpr:common.obj
 0001:000185ae       __fast_exit                00028a2e f   libcntpr:common.obj
 0001:000185bb       __math_exit                00028a3b f   libcntpr:common.obj
 0001:000185e5       __check_overflow_exit      00028a65 f   libcntpr:common.obj
 0001:000185f9       __check_range_exit         00028a79 f   libcntpr:common.obj
 0001:000186b0       __startTwoArgErrorHandling 00028b30 f   libcntpr:genexcep.obj
 0001:000186c7       __startOneArgErrorHandling 00028b47 f   libcntpr:genexcep.obj
 0001:00018721       __fFEXP                    00028ba1     libcntpr:87tran.obj
 0001:00018778       __rtinfpopse               00028bf8     libcntpr:87tran.obj
 0001:0001877a       __rtinfnpopse              00028bfa     libcntpr:87tran.obj
 0001:0001878a       __fFLN                     00028c0a     libcntpr:87tran.obj
 0001:0001883f       __rtinfpop                 00028cbf     libcntpr:87tran.obj
 0001:00018841       __rtinfnpop                00028cc1     libcntpr:87tran.obj
 0001:0001885e       __ffexpm1                  00028cde     libcntpr:87tran.obj
 0001:0001890c       __87except                 00028d8c f   libcntpr:87except.obj
 0001:00018a50       __d_inttype                00028ed0 f   libcntpr:powhlp.obj
 0001:00018abb       __powhlp                   00028f3b f   libcntpr:powhlp.obj
 0001:00018c00       _RaiseException@16         00029080 f   libcntpr:fpexcept.obj
 0001:00018c5c       __raise_exc_ex             000290dc f   libcntpr:fpexcept.obj
 0001:00018ed8       __raise_exc                00029358 f   libcntpr:fpexcept.obj
 0001:00018f00       __handle_exc               00029380 f   libcntpr:fpexcept.obj
 0001:000190e7       __set_errno_from_matherr   00029567 f   libcntpr:fpexcept.obj
 0001:00019117       __matherr                  00029597 f   libcntpr:matherr.obj
 0001:0001911f       __statfp                   0002959f f   libcntpr:fpctrl.obj
 0001:00019134       __clrfp                    000295b4 f   libcntpr:fpctrl.obj
 0001:0001914a       __ctrlfp                   000295ca f   libcntpr:fpctrl.obj
 0001:00019178       __set_statfp               000295f8 f   libcntpr:fpctrl.obj
 0001:000191d5       __frnd                     00029655 f   libcntpr:frnd.obj
 0001:000191ee       __fpclass                  0002966e f   libcntpr:ieeemisc.obj
 0001:00019287       __set_exp                  00029707 f   libcntpr:util.obj
 0001:000192b8       __sptype                   00029738 f   libcntpr:util.obj
 0001:0001931d       __decomp                   0002979d f   libcntpr:util.obj
 0001:000193dc       _RtlRaiseException@4       0002985c f   wdm:ntoskrnl.exe
 0001:000193e2       ??_C@_0CH@IJKBIGGI@Camera?5goes?5into?5Selective?5Suspe@FNODOBFM@ 00029862     usbdev.obj
 0001:0001940a       ??_C@_0CH@IIGDOMFP@Camera?5goes?5into?5Selective?5Suspe@FNODOBFM@ 0002988a     usbdev.obj
 0001:00019432       ??_C@_0FB@CKIAOJOE@Device?5goes?5into?5Selective?5Suspe@FNODOBFM@ 000298b2     usbdev.obj
 0001:00019484       ??_C@_0CB@DIDJAPPE@Invalid?5device?5power?5state?5?$CI?$CFd?$CJ?6@FNODOBFM@ 00029904     usbdev.obj
 0001:000194a6       ??_C@_1O@COJGIGIJ@?$AAG?$AAL?$AAO?$AAB?$AAA?$AAL?$AA?$AA@FNODOBFM@ 00029926     device.obj
 0001:000194b4       ??_C@_1BM@FMDOIEHL@?$AAF?$AAa?$AAc?$AAe?$AAT?$AAr?$AAa?$AAc?$AAk?$AA?$CF?$AA0?$AA4?$AAd?$AA?$AA@FNODOBFM@ 00029934     videostream.obj
 0001:000194d0       ??_C@_1BI@OPFMLDJO@?$AAT?$AAS?$AAM?$AAu?$AAx?$AAE?$AAn?$AAa?$AAb?$AAl?$AAe?$AA?$AA@FNODOBFM@ 00029950     videostream.obj
 0001:000194e8       ??_C@_1CK@EGMECJJF@?$AAD?$AAe?$AAN?$AAo?$AAi?$AAs?$AAe?$AAM?$AAo?$AAd?$AAe?$AA_?$AAU?$AAI?$AAE?$AAn?$AAa?$AAb?$AAl?$AAe?$AA?$AA@FNODOBFM@ 00029968     videostream.obj
 0001:00019512       ??_C@_1BK@ENCICPKG@?$AAM?$AAe?$AAa?$AAn?$AAD?$AAi?$AAf?$AAf?$AAC?$AAT?$AAh?$AAd?$AA?$AA@FNODOBFM@ 00029992     videostream.obj
 0001:0001952c       ??_C@_1BK@HNKEDOIH@?$AAM?$AAe?$AAa?$AAn?$AAD?$AAi?$AAf?$AAf?$AAY?$AAT?$AAh?$AAd?$AA?$AA@FNODOBFM@ 000299ac     videostream.obj
 0001:00019546       ??_C@_1BI@IKAJLJPF@?$AAL?$AAo?$AAw?$AAL?$AAi?$AAg?$AAh?$AAt?$AAT?$AAh?$AAd?$AA?$AA@FNODOBFM@ 000299c6     videostream.obj
 0001:0001955e       ??_C@_1BE@HMEPLMLC@?$AAN?$AAz?$AAP?$AAw?$AAr?$AAC?$AAT?$AAh?$AAd?$AA?$AA@FNODOBFM@ 000299de     videostream.obj
 0001:00019572       ??_C@_1BE@INEEOHDP@?$AAN?$AAz?$AAP?$AAw?$AAr?$AAL?$AAT?$AAh?$AAd?$AA?$AA@FNODOBFM@ 000299f2     videostream.obj
 0001:00019586       ??_C@_1BC@EONCGAKF@?$AAS?$AAt?$AAr?$AAg?$AAC?$AAT?$AAh?$AAd?$AA?$AA@FNODOBFM@ 00029a06     videostream.obj
 0001:00019598       ??_C@_1BC@LPNJDLCI@?$AAS?$AAt?$AAr?$AAg?$AAL?$AAT?$AAh?$AAd?$AA?$AA@FNODOBFM@ 00029a18     videostream.obj
 0001:000195aa       ??_C@_1CI@GIKGJGEI@?$AAP?$AAr?$AAo?$AAp?$AAe?$AAr?$AAt?$AAy?$AAP?$AAa?$AAg?$AAe?$AAC?$AAo?$AAn?$AAt?$AAr?$AAo?$AAl?$AA?$AA@FNODOBFM@ 00029a2a     videostream.obj
 0001:000195d2       ??_C@_1BM@GMFDOBJA@?$AAF?$AAr?$AAa?$AAm?$AAe?$AAF?$AAi?$AAl?$AAe?$AAN?$AAa?$AAm?$AAe?$AA?$AA@FNODOBFM@ 00029a52     videostream.obj
 0001:000195ee       ??_C@_1BK@LABJKOM@?$AA?2?$AAD?$AAo?$AAs?$AAD?$AAe?$AAv?$AAi?$AAc?$AAe?$AAs?$AA?2?$AA?$AA@FNODOBFM@ 00029a6e     videostream.obj
 0001:00019608       ??_C@_1CA@EGALCAIO@?$AAA?$AAu?$AAt?$AAo?$AAS?$AAt?$AAa?$AAr?$AAt?$AAE?$AAn?$AAa?$AAb?$AAl?$AAe?$AA?$AA@FNODOBFM@ 00029a88     videostream.obj
 0001:00019628       ??_C@_1BM@PPLIJBFE@?$AAS?$AAu?$AAs?$AAp?$AAe?$AAn?$AAd?$AAE?$AAn?$AAa?$AAb?$AAl?$AAe?$AA?$AA@FNODOBFM@ 00029aa8     videostream.obj
 0001:00019644       ??_C@_1BG@EMOKEGBL@?$AAD?$AAe?$AAf?$AAe?$AAc?$AAt?$AAC?$AAT?$AAh?$AAd?$AA?$AA@FNODOBFM@ 00029ac4     videostream.obj
 0001:0001965a       ??_C@_1BG@HMGGFHDK@?$AAD?$AAe?$AAf?$AAe?$AAc?$AAt?$AAY?$AAT?$AAh?$AAd?$AA?$AA@FNODOBFM@ 00029ada     videostream.obj
 0001:00019670       ??_C@_1CG@GNAJEMGO@?$AAD?$AAe?$AAf?$AAe?$AAc?$AAt?$AAC?$AAo?$AAm?$AAp?$AAe?$AAn?$AAs?$AAa?$AAt?$AAi?$AAo?$AAn?$AA?$AA@FNODOBFM@ 00029af0     videostream.obj
 0001:00019696       ??_C@_1CC@CJANDHHB@?$AAW?$AAB?$AAC?$AAo?$AAm?$AAp?$AAo?$AAn?$AAe?$AAn?$AAt?$AAG?$AAr?$AAe?$AAe?$AAn?$AA?$AA@FNODOBFM@ 00029b16     videostream.obj
 0001:000196b8       ??_C@_1BI@BINPOKBN@?$AAD?$AAe?$AAN?$AAo?$AAi?$AAs?$AAe?$AAM?$AAo?$AAd?$AAe?$AA?$AA@FNODOBFM@ 00029b38     videostream.obj
 0001:000196d0       ??_C@_1BG@OHKFFPAA@?$AAA?$AAu?$AAx?$AAL?$AAe?$AAd?$AAM?$AAo?$AAd?$AAe?$AA?$AA@FNODOBFM@ 00029b50     videostream.obj
 0001:000196e6       ??_C@_1BC@OMNMCCAA@?$AAR?$AAo?$AAt?$AAa?$AAt?$AAi?$AAo?$AAn?$AA?$AA@FNODOBFM@ 00029b66     videostream.obj
 0001:000196f8       ??_C@_1O@DLGCHCJN@?$AAB?$AAW?$AAM?$AAo?$AAd?$AAe?$AA?$AA@FNODOBFM@ 00029b78     videostream.obj
 0001:00019706       ??_C@_19EMFBKLJE@?$AAF?$AAl?$AAi?$AAp?$AA?$AA@FNODOBFM@ 00029b86     videostream.obj
 0001:00019710       ??_C@_1O@EJKBEBNL@?$AAM?$AAi?$AAr?$AAr?$AAo?$AAr?$AA?$AA@FNODOBFM@ 00029b90     videostream.obj
 0001:0001971e       ??_C@_1CE@LMAHEGCH@?$AAA?$AAE?$AAP?$AAr?$AAi?$AAo?$AAr?$AAi?$AAt?$AAy?$AAC?$AAo?$AAn?$AAt?$AAr?$AAo?$AAl?$AA?$AA@FNODOBFM@ 00029b9e     videostream.obj
 0001:00019742       ??_C@_1BA@BKKGJKKH@?$AAP?$AAr?$AAi?$AAv?$AAa?$AAc?$AAy?$AA?$AA@FNODOBFM@ 00029bc2     videostream.obj
 0001:00019752       ??_C@_1BM@HPGOMDBP@?$AAA?$AAE?$AAM?$AAo?$AAd?$AAe?$AAC?$AAo?$AAn?$AAt?$AAr?$AAo?$AAl?$AA?$AA@FNODOBFM@ 00029bd2     videostream.obj
 0001:0001976e       ??_C@_19KGJJPEHB@?$AAR?$AAo?$AAl?$AAl?$AA?$AA@FNODOBFM@ 00029bee     videostream.obj
 0001:00019778       ??_C@_19PIEFPCMB@?$AAT?$AAi?$AAl?$AAt?$AA?$AA@FNODOBFM@ 00029bf8     videostream.obj
 0001:00019782       ??_C@_17NHKKIPJP@?$AAP?$AAa?$AAn?$AA?$AA@FNODOBFM@ 00029c02     videostream.obj
 0001:0001978a       ??_C@_19ILGGKBEO@?$AAZ?$AAo?$AAo?$AAm?$AA?$AA@FNODOBFM@ 00029c0a     videostream.obj
 0001:00019794       ??_C@_19MGNOHMOO@?$AAI?$AAr?$AAi?$AAs?$AA?$AA@FNODOBFM@ 00029c14     videostream.obj
 0001:0001979e       ??_C@_1BE@BLOKNJDI@?$AAF?$AAo?$AAc?$AAu?$AAs?$AAA?$AAu?$AAt?$AAo?$AA?$AA@FNODOBFM@ 00029c1e     videostream.obj
 0001:000197b2       ??_C@_1M@HJJEACF@?$AAF?$AAo?$AAc?$AAu?$AAs?$AA?$AA@FNODOBFM@ 00029c32     videostream.obj
 0001:000197be       ??_C@_1BC@GJJDEHML@?$AAE?$AAx?$AAp?$AAo?$AAs?$AAu?$AAr?$AAe?$AA?$AA@FNODOBFM@ 00029c3e     videostream.obj
 0001:000197d0       ??_C@_19IIFAPFNH@?$AAG?$AAa?$AAi?$AAn?$AA?$AA@FNODOBFM@ 00029c50     videostream.obj
 0001:000197da       ??_C@_1CG@OFIGIBMJ@?$AAP?$AAo?$AAw?$AAe?$AAr?$AAL?$AAi?$AAn?$AAe?$AAF?$AAr?$AAe?$AAq?$AAu?$AAe?$AAn?$AAc?$AAy?$AA?$AA@FNODOBFM@ 00029c5a     videostream.obj
 0001:00019800       ??_C@_1BE@BGKGIHHN@?$AAB?$AAa?$AAc?$AAk?$AAL?$AAi?$AAg?$AAh?$AAt?$AA?$AA@FNODOBFM@ 00029c80     videostream.obj
 0001:00019814       ??_C@_1CA@BOELJFEO@?$AAW?$AAB?$AAC?$AAo?$AAm?$AAp?$AAo?$AAn?$AAe?$AAn?$AAt?$AAA?$AAu?$AAt?$AAo?$AA?$AA@FNODOBFM@ 00029c94     videostream.obj
 0001:00019834       ??_C@_1BI@FKEOKAJM@?$AAW?$AAB?$AAC?$AAo?$AAm?$AAp?$AAo?$AAn?$AAe?$AAn?$AAt?$AA?$AA@FNODOBFM@ 00029cb4     videostream.obj
 0001:0001984c       ??_C@_1BK@GOHDOPJO@?$AAW?$AAh?$AAi?$AAt?$AAe?$AAB?$AAa?$AAl?$AAa?$AAn?$AAc?$AAe?$AA?$AA@FNODOBFM@ 00029ccc     videostream.obj
 0001:00019866       ??_C@_1M@ICOKDBCJ@?$AAG?$AAa?$AAm?$AAm?$AAa?$AA?$AA@FNODOBFM@ 00029ce6     videostream.obj
 0001:00019872       ??_C@_1BE@GBFMEENM@?$AAS?$AAh?$AAa?$AAr?$AAp?$AAn?$AAe?$AAs?$AAs?$AA?$AA@FNODOBFM@ 00029cf2     videostream.obj
 0001:00019886       ??_C@_1BG@IKCAJIIB@?$AAS?$AAa?$AAt?$AAu?$AAr?$AAa?$AAt?$AAi?$AAo?$AAn?$AA?$AA@FNODOBFM@ 00029d06     videostream.obj
 0001:0001989c       ??_C@_17DHLCGCIN@?$AAH?$AAu?$AAe?$AA?$AA@FNODOBFM@ 00029d1c     videostream.obj
 0001:000198a4       ??_C@_1BC@JIFIKKAL@?$AAC?$AAo?$AAn?$AAt?$AAr?$AAa?$AAs?$AAt?$AA?$AA@FNODOBFM@ 00029d24     videostream.obj
 0001:000198b6       ??_C@_1BG@FGGFONDG@?$AAB?$AAr?$AAi?$AAg?$AAh?$AAt?$AAn?$AAe?$AAs?$AAs?$AA?$AA@FNODOBFM@ 00029d36     videostream.obj
 0001:000198cc       ??_C@_1BM@ECEHBEDE@?$AAF?$AAa?$AAc?$AAe?$AAT?$AAr?$AAa?$AAc?$AAk?$AA0?$AA0?$AA0?$AA0?$AA?$AA@FNODOBFM@ 00029d4c     videostream.obj
 0001:000198e8       ??_C@_0CE@EJJFOMB@set?5ExUnit?5dummy?5request?5fail?5?$DN?5@FNODOBFM@ 00029d68     videostream.obj
 0001:0001990c       ??_C@_0BO@IALLKBHD@get?5ExUnit?5request?5fail?5?$DN?5?$CFx?6?$AA@FNODOBFM@ 00029d8c     videostream.obj
 0001:0001992a       ??_C@_01EEMJAFIK@?6?$AA@FNODOBFM@ 00029daa     videostream.obj
 0001:0001992c       ??_C@_0N@MBNFNCCP@Data?$FL?$CFd?$FN?$DN?$CFx?5?$AA@FNODOBFM@ 00029dac     videostream.obj
 0001:0001993a       ??_C@_0BH@CIPFEJFN@get?5ExUnit?5request?5ok?6?$AA@FNODOBFM@ 00029dba     videostream.obj
 0001:00019952       ??_C@_0BO@KFHOIJEL@set?5ExUnit?5dummy?5request?5ok?5?6?$AA@FNODOBFM@ 00029dd2     videostream.obj
 0001:00019970       ??_C@_0BO@BNEBBFB@set?5ExUnit?5request?5fail?5?$DN?5?$CFx?6?$AA@FNODOBFM@ 00029df0     videostream.obj
 0001:0001998e       ??_C@_0BI@MMKKBCNO@set?5ExUnit?5request?5ok?5?6?$AA@FNODOBFM@ 00029e0e     videostream.obj
 0001:000199a6       ??_C@_0DE@CMLGDMIC@Get_Cur_AUXLED_Value?5?$DN?$DN?$DN?$DN?$DN?$DO?5m_is@FNODOBFM@ 00029e26     videostream.obj
 0001:000199da       ??_C@_0BK@LDEEBCPA@Set_ExUnit_Control_Value?6?$AA@FNODOBFM@ 00029e5a     videostream.obj
 0001:000199f4       ??_C@_0DL@KMKECFPF@Set_Cur_AUXLED_Value?5min_value?$DN?$CF@FNODOBFM@ 00029e74     videostream.obj
 0001:00019a30       ??_C@_0BD@DMHGKCJD@Set_Cur_WBC_Value?6?$AA@FNODOBFM@ 00029eb0     videostream.obj
 0001:00019a44       ??_C@_0BJ@BECKPMDP@Set_Cur_WBC_Green_Value?6?$AA@FNODOBFM@ 00029ec4     videostream.obj
 0001:00019a5e       ??_C@_1BM@EAMBFBFO@?$AAD?$AAi?$AAs?$AAa?$AAb?$AAl?$AAe?$AA_?$AAM?$AAJ?$AAP?$AAE?$AAG?$AA?$AA@FNODOBFM@ 00029ede     videostream.obj
 0001:00019a7a       ??_C@_1BK@LOMLJAKI@?$AAD?$AAi?$AAs?$AAa?$AAb?$AAl?$AAe?$AA_?$AAY?$AAU?$AAY?$AA2?$AA?$AA@FNODOBFM@ 00029efa     videostream.obj
 0001:00019a94       ??_C@_1BK@ENBOIGHH@?$AAD?$AAi?$AAs?$AAa?$AAb?$AAl?$AAe?$AA_?$AAI?$AA4?$AA2?$AA0?$AA?$AA@FNODOBFM@ 00029f14     videostream.obj
 0001:00019aae       ??_C@_1BM@JKIAKMDO@?$AAD?$AAi?$AAs?$AAa?$AAb?$AAl?$AAe?$AA_?$AAR?$AAG?$AAB?$AA2?$AA4?$AA?$AA@FNODOBFM@ 00029f2e     videostream.obj
 0001:00019aca       ??_C@_0CG@JIPEFGKK@pdx?9?$DOm_AuxLedMode?4CurrentValue?5?$DN@FNODOBFM@ 00029f4a     videostream.obj
 0001:00019af0       ??_C@_0CE@CNCNFAFA@pdx?9?$DOm_WBC_Green?4CurrentValue?$DN0x@FNODOBFM@ 00029f70     videostream.obj
 0001:00019b14       ??_C@_0BO@NEOKNCHO@pdx?9?$DOm_WBC?4CurrentValue?$DN0x?$CFx?6?$AA@FNODOBFM@ 00029f94     videostream.obj
 0001:00019b32       ??_C@_0DP@OJBBBMGJ@pdx?9?$DOm_WBC_Green?4MaxValue?$DN0x?$CFx?0p@FNODOBFM@ 00029fb2     videostream.obj
 0001:00019b72       ??_C@_0DD@LOOJODGE@pdx?9?$DOm_WBC?4MaxValue?$DN0x?$CFx?0pdx?9?$DOm_@FNODOBFM@ 00029ff2     videostream.obj
 0001:00019ba6       ??_C@_0DB@LHGDNFFP@WBC_RED_MAX_ADDR_H?$DN0x?$CFx?0WBC_RED_@FNODOBFM@ 0002a026     videostream.obj
 0001:00019bd8       ??_C@_0CM@NOLGMMLB@Set?5WHITEBALANCEComponentGreen?5C@FNODOBFM@ 0002a058     videostream.obj
 0001:00019c04       ??_C@_0CI@JGCEAHGF@Set?5CT_AE_PRIORITY_CONTROL?5Curre@FNODOBFM@ 0002a084     videostream.obj
 0001:00019c2c       ??_C@_0BL@PDILDMMO@Set?5FOCUSAUTO?5Current?5?$DN?$CFd?6?$AA@FNODOBFM@ 0002a0ac     videostream.obj
 0001:00019c48       ??_C@_0CL@EBJMCKLA@Set?5WHITEBALANCEComponentAuto?5Cu@FNODOBFM@ 0002a0c8     videostream.obj
 0001:00019c74       ??_C@_0CH@OJLAKGGO@Set?5WHITEBALANCEComponent?5Curren@FNODOBFM@ 0002a0f4     videostream.obj
 0001:00019c9c       ??_C@_1CA@KEHMDOJN@?$AAS?$AAn?$AAa?$AAp?$AAs?$AAh?$AAo?$AAt?$AAC?$AAo?$AAn?$AAt?$AAr?$AAo?$AAl?$AA?$AA@FNODOBFM@ 0002a11c     videostream.obj
 0001:00019cbc       ??_C@_1CE@FMJCPGPE@?$AAW?$AAB?$AAT?$AAe?$AAm?$AAp?$AAe?$AAr?$AAa?$AAt?$AAu?$AAr?$AAe?$AAA?$AAu?$AAt?$AAo?$AA?$AA@FNODOBFM@ 0002a13c     videostream.obj
 0001:00019ce0       ??_C@_1CC@OLACDEBM@?$AAS?$AAn?$AAa?$AAp?$AAS?$AAh?$AAo?$AAt?$AAF?$AAi?$AAl?$AAe?$AAN?$AAa?$AAm?$AAe?$AA?$AA@FNODOBFM@ 0002a160     videostream.obj
 0001:00019d02       ??_C@_1BM@IPJLIMAA@?$AAi?$AAm?$AAg?$AA2?$AA?9?$AA?$CF?$AA0?$AA3?$AAd?$AA?4?$AAr?$AAa?$AAw?$AA?$AA@FNODOBFM@ 0002a182     videostream.obj
 0001:00019d1e       ??_C@_1BE@LLBHECDN@?$AAU?$AAS?$AAB?$AAA?$AAc?$AAt?$AAi?$AAv?$AAe?$AA?$AA@FNODOBFM@ 0002a19e     videostream.obj
 0001:00019d32       ??_C@_0BO@DCCFCJCO@Serial?5flash?5doesn?8t?5exist?$CB?$CB?6?$AA@FNODOBFM@ 0002a1b2     videostream.obj
 0001:00019d50       ??_C@_0BG@GEPHKMOK@Serial?5flash?5exist?$CB?$CB?6?$AA@FNODOBFM@ 0002a1d0     videostream.obj
 0001:00019d66       ??_C@_0BC@JPHMEFE@GetBuffer?$FL?$CFd?$FN?$DN?$CFc?6?$AA@FNODOBFM@ 0002a1e6     videostream.obj
 0001:00019d78       ??_C@_0BL@KPLIJPNC@pDevExt?9?$DOm_ChipID?5?$DN?$DN?50x15?6?$AA@FNODOBFM@ 0002a1f8     videostream.obj
 0001:00019d94       ??_C@_0BA@KDBLFKCD@m_DefXUID?5?$DN?5?$CFd?6?$AA@FNODOBFM@ 0002a214     videostream.obj
 0001:00019da4       ??_C@_0BM@LKKLPADI@This?5is?5213B?5or?5213MR?5chip?6?$AA@FNODOBFM@ 0002a224     videostream.obj
 0001:00019dc0       ??_C@_0N@HAKNDMJO@pData?$FL5?$FN?$DN?$CFx?6?$AA@FNODOBFM@ 0002a240     videostream.obj
 0001:00019dce       ??_C@_0O@IKGNNOJG@pData?$FL?$CFd?$FN?$DN?$CFc?6?$AA@FNODOBFM@ 0002a24e     videostream.obj
 0001:00019ddc       ??_C@_0BL@LIECCGLJ@pDevExt?9?$DOm_ChipID?5?$DN?$DN?50x22?6?$AA@FNODOBFM@ 0002a25c     videostream.obj
 0001:00019df8       ??_C@_1BM@BLGPIPGJ@?$AAI?$AAn?$AAs?$AAt?$AAa?$AAn?$AAc?$AAe?$AAI?$AAn?$AAd?$AAe?$AAx?$AA?$AA@FNODOBFM@ 0002a278     videostream.obj
 0001:00019e14       ??_C@_1O@LOCCBOMO@?$AAi?$AAi?$AA?$CF?$AA0?$AA4?$AAd?$AA?$AA@FNODOBFM@ 0002a294     videostream.obj
 0001:00019e22       ??_C@_1FO@EEHPMDN@?$AA?2?$AAR?$AAe?$AAg?$AAi?$AAs?$AAt?$AAr?$AAy?$AA?2?$AAM?$AAA?$AAC?$AAH?$AAI?$AAN?$AAE?$AA?2?$AAS?$AAO?$AAF?$AAT?$AAW?$AAA?$AAR?$AAE?$AA?2?$AAS?$AAo?$AAn?$AAi?$AAx@FNODOBFM@ 0002a2a2     videostream.obj
 0001:00019e80       ??_C@_0CM@CFNGNGAN@Set?5WBComponentControl_Green?5Cur@FNODOBFM@ 0002a300     videostream.obj
 0001:00019eac       ??_C@_0CG@CIPJKIJF@Set?5WBComponentControl?5Current?5?$DN@FNODOBFM@ 0002a32c     videostream.obj
 0001:00019ed2       ??_C@_0CM@HDKPKGI@Get?5KSPROPERTY_CUSTOM_PROP_AUXLE@FNODOBFM@ 0002a352     videostream.obj
 0001:00019efe       ??_C@_0DH@OGPIEABG@KSPROPERTY_CUSTOM_PROP_WBCompone@FNODOBFM@ 0002a37e     videostream.obj
 0001:00019f36       ??_C@_1BM@GCKIBHAI@?$AAS?$AAn?$AAa?$AAp?$AAS?$AAh?$AAo?$AAt?$AAS?$AAt?$AAa?$AAt?$AAe?$AA?$AA@FNODOBFM@ 0002a3b6     videodevice.obj
 0001:00019f52       ??_C@_0BO@FCEPICKB@Bulk?5MAX?5Payload?5size?5?3?50x?$CFX?6?$AA@FNODOBFM@ 0002a3d2     videodevice.obj
 0001:00019f70       ??_C@_1JK@PBGFCILA@?$AA?2?$AAR?$AAe?$AAg?$AAi?$AAs?$AAt?$AAr?$AAy?$AA?2?$AAM?$AAA?$AAC?$AAH?$AAI?$AAN?$AAE?$AA?2?$AAS?$AAy?$AAs?$AAt?$AAe?$AAm?$AA?2?$AAC?$AAu?$AAr?$AAr?$AAe?$AAn?$AAt@FNODOBFM@ 0002a3f0     videodevice.obj
 0001:0001a00a       ??_C@_1KG@CNDMOEJD@?$AA?2?$AAR?$AAe?$AAg?$AAi?$AAs?$AAt?$AAr?$AAy?$AA?2?$AAM?$AAA?$AAC?$AAH?$AAI?$AAN?$AAE?$AA?2?$AAS?$AAy?$AAs?$AAt?$AAe?$AAm?$AA?2?$AAC?$AAu?$AAr?$AAr?$AAe?$AAn?$AAt@FNODOBFM@ 0002a48a     videodevice.obj
 0001:0001a0b0       ??_C@_1IM@FIJHIOOL@?$AA?2?$AAR?$AAe?$AAg?$AAi?$AAs?$AAt?$AAr?$AAy?$AA?2?$AAM?$AAA?$AAC?$AAH?$AAI?$AAN?$AAE?$AA?2?$AAS?$AAy?$AAs?$AAt?$AAe?$AAm?$AA?2?$AAC?$AAu?$AAr?$AAr?$AAe?$AAn?$AAt@FNODOBFM@ 0002a530     videodevice.obj
 0001:0001a13c       ??_C@_1JM@IAPGADLA@?$AA?2?$AAR?$AAe?$AAg?$AAi?$AAs?$AAt?$AAr?$AAy?$AA?2?$AAM?$AAA?$AAC?$AAH?$AAI?$AAN?$AAE?$AA?2?$AAS?$AAy?$AAs?$AAt?$AAe?$AAm?$AA?2?$AAC?$AAu?$AAr?$AAr?$AAe?$AAn?$AAt@FNODOBFM@ 0002a5bc     videodevice.obj
 0001:0001a1d8       ??_C@_1JM@FMDJAILO@?$AA?2?$AAR?$AAe?$AAg?$AAi?$AAs?$AAt?$AAr?$AAy?$AA?2?$AAM?$AAA?$AAC?$AAH?$AAI?$AAN?$AAE?$AA?2?$AAS?$AAy?$AAs?$AAt?$AAe?$AAm?$AA?2?$AAC?$AAu?$AAr?$AAr?$AAe?$AAn?$AAt@FNODOBFM@ 0002a658     videodevice.obj
 0001:0001a274       ??_C@_1IO@JMDEBEKL@?$AA?2?$AAR?$AAe?$AAg?$AAi?$AAs?$AAt?$AAr?$AAy?$AA?2?$AAM?$AAA?$AAC?$AAH?$AAI?$AAN?$AAE?$AA?2?$AAS?$AAy?$AAs?$AAt?$AAe?$AAm?$AA?2?$AAC?$AAu?$AAr?$AAr?$AAe?$AAn?$AAt@FNODOBFM@ 0002a6f4     videodevice.obj
 0001:0001a302       ??_C@_0O@CGBJGNHJ@Return?5to?5D0?6?$AA@FNODOBFM@ 0002a782     videodevice.obj
 0001:0001a310       ??_C@_1CA@OIMBFFPO@?$AAS?$AAt?$AAi?$AAl?$AAl?$AAP?$AAi?$AAn?$AA_?$AAE?$AAn?$AAa?$AAb?$AAl?$AAe?$AA?$AA@FNODOBFM@ 0002a790     videodevice.obj
 0001:0001a330       ??_C@_0CA@BOHHANKB@SF_Communication?5ntStatus?5?$DN?5?$CFx?6?$AA@FNODOBFM@ 0002a7b0     videodevice.obj
 0001:0001a350       ??_C@_0CC@BMAMDDCO@GetSectorTableAddr?5ntStatus?5?$DN?5?$CFx@FNODOBFM@ 0002a7d0     videodevice.obj
 0001:0001a372       ??_C@_0BI@OHPHKPMB@GetSectorTableAddr?5?$DN?$DN?$DO?6?$AA@FNODOBFM@ 0002a7f2     videodevice.obj
 0001:0001a38a       ??_C@_1CG@KFGFCGOK@?$AA?2?$AAD?$AAo?$AAs?$AAD?$AAe?$AAv?$AAi?$AAc?$AAe?$AAs?$AA?2?$AAC?$AA?3?$AA?2?$AA?$CF?$AAw?$AAs?$AA?$AA@FNODOBFM@ 0002a80a     videodevice.obj
 0001:0001a3b0       ??_C@_0CL@EDHBPIFA@?$CK?$CK?$CK?$CKSet?5WHITEBALANCETEMP?5AUTO?5Cu@FNODOBFM@ 0002a830     videodevice.obj
 0001:0001a3dc       ??_C@_05LBJGJDBC@TS?4ts?$AA@FNODOBFM@ 0002a85c     transportstream.obj
 0002:00000000       __imp_@KfAcquireSpinLock@4 0002a880     wdm:HAL.DLL
 0002:00000004       __imp_@KfReleaseSpinLock@8 0002a884     wdm:HAL.DLL
 0002:00000008       \177HAL_NULL_THUNK_DATA    0002a888     wdm:HAL.DLL
 0002:0000000c       __imp__USBD_CreateConfigurationRequestEx@8 0002a88c     usbd:USBD.SYS
 0002:00000010       __imp__USBD_ParseConfigurationDescriptorEx@28 0002a890     usbd:USBD.SYS
 0002:00000014       \177USBD_NULL_THUNK_DATA   0002a894     usbd:USBD.SYS
 0002:00000018       __imp__KsPinGetAndGate@4   0002a898     ks:ks.sys
 0002:0000001c       __imp___KsEdit@20          0002a89c     ks:ks.sys
 0002:00000020       __imp__KsGetParent@4       0002a8a0     ks:ks.sys
 0002:00000024       __imp__KsPinGetReferenceClockInterface@8 0002a8a4     ks:ks.sys
 0002:00000028       __imp__KsPinGetFirstCloneStreamPointer@4 0002a8a8     ks:ks.sys
 0002:0000002c       __imp__KsStreamPointerGetNextClone@4 0002a8ac     ks:ks.sys
 0002:00000030       __imp__KsStreamPointerDelete@4 0002a8b0     ks:ks.sys
 0002:00000034       __imp__KsPinAcquireProcessingMutex@4 0002a8b4     ks:ks.sys
 0002:00000038       __imp__KsPinGetLeadingEdgeStreamPointer@8 0002a8b8     ks:ks.sys
 0002:0000003c       __imp__KsStreamPointerAdvance@4 0002a8bc     ks:ks.sys
 0002:00000040       __imp__KsStreamPointerAdvanceOffsetsAndUnlock@16 0002a8c0     ks:ks.sys
 0002:00000044       __imp__KsStreamPointerUnlock@8 0002a8c4     ks:ks.sys
 0002:00000048       __imp__KsPinReleaseProcessingMutex@4 0002a8c8     ks:ks.sys
 0002:0000004c       __imp__KsPinAttemptProcessing@8 0002a8cc     ks:ks.sys
 0002:00000050       __imp__KsGetFilterFromIrp@4 0002a8d0     ks:ks.sys
 0002:00000054       __imp__KsGetDevice@4       0002a8d4     ks:ks.sys
 0002:00000058       __imp__KsAddItemToObjectBag@12 0002a8d8     ks:ks.sys
 0002:0000005c       __imp__KsInitializeDriver@12 0002a8dc     ks:ks.sys
 0002:00000060       __imp__KsCreateFilterFactory@32 0002a8e0     ks:ks.sys
 0002:00000064       __imp__KsAcquireDevice@4   0002a8e4     ks:ks.sys
 0002:00000068       __imp__KsReleaseDevice@4   0002a8e8     ks:ks.sys
 0002:0000006c       __imp__KsGetPinFromIrp@4   0002a8ec     ks:ks.sys
 0002:00000070       \177ks_NULL_THUNK_DATA     0002a8f0     ks:ks.sys
 0002:00000074       __imp__PsCreateSystemThread@28 0002a8f4     wdm:ntoskrnl.exe
 0002:00000078       __imp__KeQuerySystemTime@4 0002a8f8     wdm:ntoskrnl.exe
 0002:0000007c       __imp__RtlWriteRegistryValue@24 0002a8fc     wdm:ntoskrnl.exe
 0002:00000080       __imp__RtlDeleteRegistryValue@12 0002a900     wdm:ntoskrnl.exe
 0002:00000084       __imp__KeQueryTimeIncrement@0 0002a904     wdm:ntoskrnl.exe
 0002:00000088       __imp__KeInitializeMutex@8 0002a908     wdm:ntoskrnl.exe
 0002:0000008c       __imp__KeReleaseSemaphore@16 0002a90c     wdm:ntoskrnl.exe
 0002:00000090       __imp__IoInitializeIrp@12  0002a910     wdm:ntoskrnl.exe
 0002:00000094       __imp__IoIsWdmVersionAvailable@8 0002a914     wdm:ntoskrnl.exe
 0002:00000098       __imp__ExAllocatePool@8    0002a918     wdm:ntoskrnl.exe
 0002:0000009c       __imp__ZwClose@4           0002a91c     wdm:ntoskrnl.exe
 0002:000000a0       __imp__ZwCreateFile@44     0002a920     wdm:ntoskrnl.exe
 0002:000000a4       __imp__ZwWriteFile@36      0002a924     wdm:ntoskrnl.exe
 0002:000000a8       __imp__KeSetPriorityThread@8 0002a928     wdm:ntoskrnl.exe
 0002:000000ac       __imp__KeGetCurrentThread@0 0002a92c     wdm:ntoskrnl.exe
 0002:000000b0       __imp__KeTickCount         0002a930     wdm:ntoskrnl.exe
 0002:000000b0       _KeTickCount               0002a930     wdm:ntoskrnl.exe
 0002:000000b4       __imp__sprintf             0002a934     wdm:ntoskrnl.exe
 0002:000000b8       __imp__KeBugCheckEx@20     0002a938     wdm:ntoskrnl.exe
 0002:000000bc       __imp__DbgPrint            0002a93c     wdm:ntoskrnl.exe
 0002:000000c0       __imp__RtlInitUnicodeString@8 0002a940     wdm:ntoskrnl.exe
 0002:000000c4       __imp__RtlQueryRegistryValues@20 0002a944     wdm:ntoskrnl.exe
 0002:000000c8       __imp__swprintf            0002a948     wdm:ntoskrnl.exe
 0002:000000cc       __imp__RtlCompareMemory@12 0002a94c     wdm:ntoskrnl.exe
 0002:000000d0       __imp__KeDelayExecutionThread@12 0002a950     wdm:ntoskrnl.exe
 0002:000000d4       __imp_@InterlockedIncrement@4 0002a954     wdm:ntoskrnl.exe
 0002:000000d8       __imp_@InterlockedDecrement@4 0002a958     wdm:ntoskrnl.exe
 0002:000000dc       __imp__memset              0002a95c     wdm:ntoskrnl.exe
 0002:000000e0       __imp__ExAllocatePoolWithTag@12 0002a960     wdm:ntoskrnl.exe
 0002:000000e4       __imp__IoAllocateIrp@8     0002a964     wdm:ntoskrnl.exe
 0002:000000e8       __imp_@InterlockedCompareExchange@12 0002a968     wdm:ntoskrnl.exe
 0002:000000ec       __imp_@InterlockedExchange@8 0002a96c     wdm:ntoskrnl.exe
 0002:000000f0       __imp__IoFreeIrp@4         0002a970     wdm:ntoskrnl.exe
 0002:000000f4       __imp__PoRequestPowerIrp@24 0002a974     wdm:ntoskrnl.exe
 0002:000000f8       __imp__KeInitializeEvent@12 0002a978     wdm:ntoskrnl.exe
 0002:000000fc       __imp__IoBuildDeviceIoControlRequest@36 0002a97c     wdm:ntoskrnl.exe
 0002:00000100       __imp__KeWaitForSingleObject@20 0002a980     wdm:ntoskrnl.exe
 0002:00000104       __imp__KeResetEvent@4      0002a984     wdm:ntoskrnl.exe
 0002:00000108       __imp__IoCancelIrp@4       0002a988     wdm:ntoskrnl.exe
 0002:0000010c       __imp__KeSetEvent@12       0002a98c     wdm:ntoskrnl.exe
 0002:00000110       __imp_@IofCallDriver@8     0002a990     wdm:ntoskrnl.exe
 0002:00000114       __imp__KeInitializeSpinLock@4 0002a994     wdm:ntoskrnl.exe
 0002:00000118       __imp__PsTerminateSystemThread@4 0002a998     wdm:ntoskrnl.exe
 0002:0000011c       __imp__KeInitializeSemaphore@12 0002a99c     wdm:ntoskrnl.exe
 0002:00000120       __imp__memcpy              0002a9a0     wdm:ntoskrnl.exe
 0002:00000124       __imp__IoGetDeviceProperty@20 0002a9a4     wdm:ntoskrnl.exe
 0002:00000128       __imp__ExFreePool@4        0002a9a8     wdm:ntoskrnl.exe
 0002:0000012c       __imp__RtlRaiseException@4 0002a9ac     wdm:ntoskrnl.exe
 0002:00000130       \177ntoskrnl_NULL_THUNK_DATA 0002a9b0     wdm:ntoskrnl.exe
 0002:0000015c       _PROPSETID_CUSTOM_PROP_ST50220 0002a9dc     debugutil.obj
 0002:0000016c       _PROPSETID_ZOOM_PROP_ST50220 0002a9ec     debugutil.obj
 0002:0000017c       _PROPSETID_CLIENT_PROP_ST50220 0002a9fc     debugutil.obj
 0002:0000018c       _MEDIASUBTYPE_RGB24        0002aa0c     debugutil.obj
 0002:0000019c       _MEDIASUBTYPE_MJPG         0002aa1c     debugutil.obj
 0002:000001ac       _MEDIASUBTYPE_I420         0002aa2c     debugutil.obj
 0002:000001bc       _PIN_CATEGORY_CAPTURE      0002aa3c     debugutil.obj
 0002:000001cc       _PIN_CATEGORY_STILL        0002aa4c     debugutil.obj
 0002:000001dc       ??_C@_0L@INJALMLF@OV7670_ISP?$AA@ 0002aa5c     basetype.obj
 0002:000001e8       ??_C@_08GKNMHEM@S5K4AAFX?$AA@ 0002aa68     basetype.obj
 0002:000001f4       ??_C@_08OODNEMCK@S5K53BEB?$AA@ 0002aa74     basetype.obj
 0002:00000200       ??_C@_06ECCPAMDO@CX1332?$AA@ 0002aa80     basetype.obj
 0002:00000208       ??_C@_07OFCLDIAD@ICM107B?$AA@ 0002aa88     basetype.obj
 0002:00000210       ??_C@_06GBBJMDNI@SOI968?$AA@ 0002aa90     basetype.obj
 0002:00000218       ??_C@_06PDOHFGLM@OV9655?$AA@ 0002aa98     basetype.obj
 0002:00000220       ??_C@_06IOJAKCPJ@OV9650?$AA@ 0002aaa0     basetype.obj
 0002:00000228       ??_C@_07GPBGIACH@MT9M011?$AA@ 0002aaa8     basetype.obj
 0002:00000230       ??_C@_06OJGOKOOI@MI1320?$AA@ 0002aab0     basetype.obj
 0002:00000238       ??_C@_06OLCIBALB@MI1310?$AA@ 0002aab8     basetype.obj
 0002:00000240       ??_C@_06OKOKHKIG@MI1300?$AA@ 0002aac0     basetype.obj
 0002:00000248       ??_C@_06DCCEMIPG@OV7670?$AA@ 0002aac8     basetype.obj
 0002:00000250       ??_C@_06DDOGKCMB@OV7660?$AA@ 0002aad0     basetype.obj
 0002:00000258       ??_C@_07OKCEGEFO@HV7131R?$AA@ 0002aad8     basetype.obj
 0002:00000260       ??_C@_07MAJKEBNB@MT9V111?$AA@ 0002aae0     basetype.obj
 0002:00000268       ??_C@_06NDAHCPIE@MI0360?$AA@ 0002aae8     basetype.obj
 0002:00000270       ?ImgWidList@@3QBHB         0002aaf0     basetype.obj
 0002:000002c0       ?ImgWidList2@@3QBHB        0002ab40     basetype.obj
 0002:00000310       ?ImgHgtList@@3QBHB         0002ab90     basetype.obj
 0002:00000360       ?USBBandWidthList@@3QBHB   0002abe0     basetype.obj
 0002:00000384       ?USB2BandWidthList@@3QBHB  0002ac04     basetype.obj
 0002:000003a8       ?Y_QTAB_FINE@@3QBEB        0002ac28     basetype.obj
 0002:000003e8       ?UV_QTAB_FINE@@3QBEB       0002ac68     basetype.obj
 0002:000004b0       __real@4036000000000000    0002ad30     facetracking.obj
 0002:000004b8       __real@4022000000000000    0002ad38     facetracking.obj
 0002:000004c0       __real@3ff0000000000000    0002ad40     facetracking.obj
 0002:000004c8       __real@400921cac083126f    0002ad48     facetracking.obj
 0002:000004d0       __real@0000000000000000    0002ad50     facetracking.obj
 0002:000004d8       __real@3f91deefe4ffc979    0002ad58     facetracking.obj
 0002:000004e0       __real@40c3880000000000    0002ad60     facetracking.obj
 0002:000004e8       __real@41f0000000000000    0002ad68     facetracking.obj
 0002:000004f0       __real@3f91deefe0000000    0002ad70     facetracking.obj
 0002:000004f8       __real@461c3c00            0002ad78     facetracking.obj
 0002:00000500       __real@4040000000000000    0002ad80     facetracking.obj
 0002:00000508       __real@4010000000000000    0002ad88     facetracking.obj
 0002:00000510       __real@4008000000000000    0002ad90     facetracking.obj
 0002:00003858       __real@3fe0000000000000    0002e0d8     jpeg.obj
 0002:00003860       __real@3fb0000000000000    0002e0e0     jpeg.obj
 0002:00003868       __real@3fd0000000000000    0002e0e8     jpeg.obj
 0002:00003870       __real@4000000000000000    0002e0f0     jpeg.obj
 0002:00003878       __real@4080000000000000    0002e0f8     jpeg.obj
 0002:00003880       __GUID_fb6c428a_0353_11d1_905f_0000c0cc16ba 0002e100     streamdata.obj
 0002:00003890       __GUID_fb6c4281_0353_11d1_905f_0000c0cc16ba 0002e110     streamdata.obj
 0002:000038a0       ?CapturePinDispatch@@3U_KSPIN_DISPATCH@@B 0002e120     streamdata.obj
 0002:000038c8       ?StillPinDispatch@@3U_KSPIN_DISPATCH@@B 0002e148     streamdata.obj
 0002:000038f0       ?CapturePinAllocatorFraming@@3UKSALLOCATOR_FRAMING_EX@@B 0002e170     streamdata.obj
 0002:00003960       ?FrameRateProperties@@3QBUKSPROPERTY_ITEM@@B 0002e1e0     streamdata.obj
 0002:00003a00       ?VideoProcAmpProperty@@3QBUKSPROPERTY_ITEM@@B 0002e280     streamdata.obj
 0002:00003b90       ?CameraControlProperty@@3QBUKSPROPERTY_ITEM@@B 0002e410     streamdata.obj
 0002:00003cf8       ?CustomProperties@@3QBUKSPROPERTY_ITEM@@B 0002e578     streamdata.obj
 0002:000040e0       ?ClientProperties@@3QBUKSPROPERTY_ITEM@@B 0002e960     streamdata.obj
 0002:00004130       ?ZoomProperties@@3QBUKSPROPERTY_ITEM@@B 0002e9b0     streamdata.obj
 0002:00004428       ?ExtensionControlProperty@@3QBUKSPROPERTY_ITEM@@B 0002eca8     streamdata.obj
 0002:00004568       ?CaptureFilterDispatch@@3U_KSFILTER_DISPATCH@@B 0002ede8     streamdata.obj
 0002:00004578       ?CaptureFilterCategories@@3QBU_GUID@@B 0002edf8     streamdata.obj
 0002:00004598       ?PinConnectionPropertyItems@@3QBUKSPROPERTY_ITEM@@B 0002ee18     streamdata.obj
 0002:000045c0       ?VideoStreamConnectionProperties@@3QBUKSPROPERTY_ITEM@@B 0002ee40     streamdata.obj
 0002:00004610       ?VideoStreamDroppedFramesProperties@@3QBUKSPROPERTY_ITEM@@B 0002ee90     streamdata.obj
 0002:00004638       ?VideoStreamPropertySetsTable@@3QBUKSPROPERTY_SET@@B 0002eeb8     streamdata.obj
 0002:00004660       ?StandardPinInterfaces@@3QBUKSIDENTIFIER@@B 0002eee0     streamdata.obj
 0002:00004678       ?StandardPinMediums@@3QBUKSIDENTIFIER@@B 0002eef8     streamdata.obj
 0002:00004690       __GUID_c6e13344_30ac_11d0_a18c_00a0c9118956 0002ef10     streamdata.obj
 0002:000046a0       __GUID_1d58c920_ac9b_11cf_a5d6_28db04c10000 0002ef20     streamdata.obj
 0002:000046b0       __GUID_941c7ac0_c559_11d0_8a2b_00a0c9255ac1 0002ef30     streamdata.obj
 0002:000046c0       __GUID_9b365890_165f_11d0_a195_0020afd156e4 0002ef40     streamdata.obj
 0002:000046d0       __GUID_6a2e0670_28e4_11d0_a18c_00a0c9118956 0002ef50     streamdata.obj
 0002:000046e0       __GUID_c6e13360_30ac_11d0_a18c_00a0c9118956 0002ef60     streamdata.obj
 0002:000046f0       __GUID_c6e13370_30ac_11d0_a18c_00a0c9118956 0002ef70     streamdata.obj
 0002:00004760       __GUID_05589f80_c356_11ce_bf01_00aa0055595a 0002efe0     videostream.obj
 0002:00004770       __GUID_dff229e1_f70f_11d0_b917_00a0c9223196 0002eff0     videostream.obj
 0002:00004780       __GUID_97e99ba0_bdea_11cf_a5d6_28db04c10000 0002f000     videostream.obj
 0002:00004790       __GUID_0f6417d6_c318_11d0_a43f_00a0c9223196 0002f010     videodevice.obj
 0002:000047a0       __GUID_e06d8023_db46_11cf_b4d1_00805f6cbbea 0002f020     videodevice.obj
 0002:000047b0       __GUID_e436eb83_524f_11ce_9f53_0020af0ba770 0002f030     videodevice.obj
 0002:000047c0       __GUID_73646976_0000_0010_8000_00aa00389b71 0002f040     videodevice.obj
 0002:000047d0       __GUID_00000000_0000_0000_0000_000000000000 0002f050     videodevice.obj
 0002:000047e0       __real@406fe00000000000    0002f060     videodevice.obj
 0002:000047e8       __real@4024000000000000    0002f068     videodevice.obj
 0002:000047f8       __DEFAULT_CW_in_mem        0002f078     libcntpr:common.obj
 0002:000047fa       __pi_by_2_to_61            0002f07a     libcntpr:common.obj
 0002:00004834       ??_C@_0L@KDOEJCKC@_nextafter?$AA@ 0002f0b4     libcntpr:fpexcept.obj
 0002:00004840       ??_C@_05JGDBENOH@_logb?$AA@ 0002f0c0     libcntpr:fpexcept.obj
 0002:00004848       ??_C@_03ONILCKOB@_yn?$AA@  0002f0c8     libcntpr:fpexcept.obj
 0002:0000484c       ??_C@_03NAKIGLHK@_y1?$AA@  0002f0cc     libcntpr:fpexcept.obj
 0002:00004850       ??_C@_03MJLDFKDL@_y0?$AA@  0002f0d0     libcntpr:fpexcept.obj
 0002:00004854       ??_C@_05GKKHEGJL@frexp?$AA@ 0002f0d4     libcntpr:fpexcept.obj
 0002:0000485c       ??_C@_04KEPJIHGP@fmod?$AA@ 0002f0dc     libcntpr:fpexcept.obj
 0002:00004864       ??_C@_06MEIMCGCF@_hypot?$AA@ 0002f0e4     libcntpr:fpexcept.obj
 0002:0000486c       ??_C@_05KBKMEMPO@_cabs?$AA@ 0002f0ec     libcntpr:fpexcept.obj
 0002:00004874       ??_C@_05CEJMAHNP@ldexp?$AA@ 0002f0f4     libcntpr:fpexcept.obj
 0002:0000487c       ??_C@_04EHEDPDJG@modf?$AA@ 0002f0fc     libcntpr:fpexcept.obj
 0002:00004884       ??_C@_04ODHECPBC@fabs?$AA@ 0002f104     libcntpr:fpexcept.obj
 0002:0000488c       ??_C@_05PBJFFIGL@floor?$AA@ 0002f10c     libcntpr:fpexcept.obj
 0002:00004894       ??_C@_04GFPJNGEK@ceil?$AA@ 0002f114     libcntpr:fpexcept.obj
 0002:0000489c       ??_C@_03IIINPABG@tan?$AA@  0002f11c     libcntpr:fpexcept.obj
 0002:000048a0       ??_C@_03LALBNOCG@cos?$AA@  0002f120     libcntpr:fpexcept.obj
 0002:000048a4       ??_C@_03BLEJJJBH@sin?$AA@  0002f124     libcntpr:fpexcept.obj
 0002:000048a8       ??_C@_04EIAKFFMI@sqrt?$AA@ 0002f128     libcntpr:fpexcept.obj
 0002:000048b0       ??_C@_05KNGEOGJB@atan2?$AA@ 0002f130     libcntpr:fpexcept.obj
 0002:000048b8       ??_C@_04MLLJIGOK@atan?$AA@ 0002f138     libcntpr:fpexcept.obj
 0002:000048c0       ??_C@_04PDIFKINK@acos?$AA@ 0002f140     libcntpr:fpexcept.obj
 0002:000048c8       ??_C@_04FIHNOPOL@asin?$AA@ 0002f148     libcntpr:fpexcept.obj
 0002:000048d0       ??_C@_04FJHINJAO@tanh?$AA@ 0002f150     libcntpr:fpexcept.obj
 0002:000048d8       ??_C@_04HPJJNFIM@cosh?$AA@ 0002f158     libcntpr:fpexcept.obj
 0002:000048e0       ??_C@_04COOMCNPB@sinh?$AA@ 0002f160     libcntpr:fpexcept.obj
 0002:000048e8       ??_C@_05HGHHAHAP@log10?$AA@ 0002f168     libcntpr:fpexcept.obj
 0002:000048f0       ??_C@_03MGHMBJCF@log?$AA@  0002f170     libcntpr:fpexcept.obj
 0002:000048f4       ??_C@_03JGHBODFD@pow?$AA@  0002f174     libcntpr:fpexcept.obj
 0002:000048f8       ??_C@_03KHJOGHMM@exp?$AA@  0002f178     libcntpr:fpexcept.obj
 0003:00000000       ?SensorNameList@@3PAPBDA   0002f200     basetype.obj
 0003:00000048       ?iUSBBandWidth@@3PAY08HA   0002f248     basetype.obj
 0003:00000090       ?dDataSizeMul@@3PANA       0002f290     basetype.obj
 0003:000001b8       ?ImageFormatControl@@3JA   0002f3b8     streamdata.obj
 0003:000001bc       ?BUS_BW_ARRAY_SIZE@@3KA    0002f3bc     streamdata.obj
 0003:000001c0       ?BusBWArray@@3PAUMaxPktSizePerInterface@@A 0002f3c0     streamdata.obj
 0003:000002b0       ?RangeAndStepProp@@3PAUKSPROPERTY_STEPPING_LONG@@A 0002f4b0     streamdata.obj
 0003:00000400       ?BrightnessMembersList@@3PAUKSPROPERTY_MEMBERSLIST@@A 0002f600     streamdata.obj
 0003:00000428       ?BrightnessValues@@3UKSPROPERTY_VALUES@@A 0002f628     streamdata.obj
 0003:00000448       ?ContrastMembersList@@3PAUKSPROPERTY_MEMBERSLIST@@A 0002f648     streamdata.obj
 0003:00000470       ?ContrastValues@@3UKSPROPERTY_VALUES@@A 0002f670     streamdata.obj
 0003:00000490       ?HueMembersList@@3PAUKSPROPERTY_MEMBERSLIST@@A 0002f690     streamdata.obj
 0003:000004b8       ?HueValues@@3UKSPROPERTY_VALUES@@A 0002f6b8     streamdata.obj
 0003:000004d8       ?SaturationMembersList@@3PAUKSPROPERTY_MEMBERSLIST@@A 0002f6d8     streamdata.obj
 0003:00000500       ?SaturationValues@@3UKSPROPERTY_VALUES@@A 0002f700     streamdata.obj
 0003:00000520       ?SharpnessMembersList@@3PAUKSPROPERTY_MEMBERSLIST@@A 0002f720     streamdata.obj
 0003:00000548       ?SharpnessValues@@3UKSPROPERTY_VALUES@@A 0002f748     streamdata.obj
 0003:00000568       ?GammaMembersList@@3PAUKSPROPERTY_MEMBERSLIST@@A 0002f768     streamdata.obj
 0003:00000590       ?GammaValues@@3UKSPROPERTY_VALUES@@A 0002f790     streamdata.obj
 0003:000005b0       ?WhitebalanceMembersList@@3PAUKSPROPERTY_MEMBERSLIST@@A 0002f7b0     streamdata.obj
 0003:000005d8       ?WhitebalanceValues@@3UKSPROPERTY_VALUES@@A 0002f7d8     streamdata.obj
 0003:000005f8       ?BacklightMembersList@@3PAUKSPROPERTY_MEMBERSLIST@@A 0002f7f8     streamdata.obj
 0003:00000620       ?BacklightValues@@3UKSPROPERTY_VALUES@@A 0002f820     streamdata.obj
 0003:00000640       ?PowerlineFrequencyMembersList@@3PAUKSPROPERTY_MEMBERSLIST@@A 0002f840     streamdata.obj
 0003:00000668       ?PowerlineFrequencyValues@@3UKSPROPERTY_VALUES@@A 0002f868     streamdata.obj
 0003:00000688       ?GainMembersList@@3PAUKSPROPERTY_MEMBERSLIST@@A 0002f888     streamdata.obj
 0003:000006b0       ?GainValues@@3UKSPROPERTY_VALUES@@A 0002f8b0     streamdata.obj
 0003:000006d0       ?ExposureMembersList@@3PAUKSPROPERTY_MEMBERSLIST@@A 0002f8d0     streamdata.obj
 0003:000006f8       ?ExposureValues@@3UKSPROPERTY_VALUES@@A 0002f8f8     streamdata.obj
 0003:00000718       ?FocusMembersList@@3PAUKSPROPERTY_MEMBERSLIST@@A 0002f918     streamdata.obj
 0003:00000740       ?FocusValues@@3UKSPROPERTY_VALUES@@A 0002f940     streamdata.obj
 0003:00000760       ?IrisMembersList@@3PAUKSPROPERTY_MEMBERSLIST@@A 0002f960     streamdata.obj
 0003:00000788       ?IrisValues@@3UKSPROPERTY_VALUES@@A 0002f988     streamdata.obj
 0003:000007a8       ?ZoomMembersList@@3PAUKSPROPERTY_MEMBERSLIST@@A 0002f9a8     streamdata.obj
 0003:000007d0       ?ZoomValues@@3UKSPROPERTY_VALUES@@A 0002f9d0     streamdata.obj
 0003:000007f0       ?PanMembersList@@3PAUKSPROPERTY_MEMBERSLIST@@A 0002f9f0     streamdata.obj
 0003:00000818       ?PanValues@@3UKSPROPERTY_VALUES@@A 0002fa18     streamdata.obj
 0003:00000838       ?TiltMembersList@@3PAUKSPROPERTY_MEMBERSLIST@@A 0002fa38     streamdata.obj
 0003:00000860       ?TiltValues@@3UKSPROPERTY_VALUES@@A 0002fa60     streamdata.obj
 0003:00000880       ?RollMembersList@@3PAUKSPROPERTY_MEMBERSLIST@@A 0002fa80     streamdata.obj
 0003:000008a8       ?RollValues@@3UKSPROPERTY_VALUES@@A 0002faa8     streamdata.obj
 0003:000008c8       ?PrivacyMembersList@@3PAUKSPROPERTY_MEMBERSLIST@@A 0002fac8     streamdata.obj
 0003:000008f0       ?PrivacyValues@@3UKSPROPERTY_VALUES@@A 0002faf0     streamdata.obj
 0003:00000910       ?AEPriorityMembersList@@3PAUKSPROPERTY_MEMBERSLIST@@A 0002fb10     streamdata.obj
 0003:00000938       ?AEPriorityValues@@3UKSPROPERTY_VALUES@@A 0002fb38     streamdata.obj
 0003:00000958       ?DevicePropertySetsTable@@3PAUKSPROPERTY_SET@@A 0002fb58     streamdata.obj
 0003:00000a70       ?FilterAutomationTable@@3UKSAUTOMATION_TABLE_@@A 0002fc70     streamdata.obj
 0003:00000a98       ?NodeAutomationTable@@3UKSAUTOMATION_TABLE_@@A 0002fc98     streamdata.obj
 0003:00000ac0       ?CaptureFilterNodeDescriptors@@3PAU_KSNODE_DESCRIPTOR@@A 0002fcc0     streamdata.obj
 0003:00000af0       ?CaptureFilterDescriptor@@3U_KSFILTER_DESCRIPTOR@@A 0002fcf0     streamdata.obj
 0003:00000b30       ?g_PINNAME_VIDEO_CAPTURE@@3U_GUID@@A 0002fd30     streamdata.obj
 0003:00000b40       ?g_PINNAME_VIDEO_STILL@@3U_GUID@@A 0002fd40     streamdata.obj
 0003:00000b50       ?PinAutomationTable@@3UKSAUTOMATION_TABLE_@@A 0002fd50     streamdata.obj
 0003:00000b78       ?STREAMCapturePinDescriptor@@3U_KSPIN_DESCRIPTOR_EX@@A 0002fd78     streamdata.obj
 0003:00000bc8       ?STREAMCaptureMP2TSPinDescriptor@@3U_KSPIN_DESCRIPTOR_EX@@A 0002fdc8     streamdata.obj
 0003:00000c18       ?STREAMStillPinDescriptor@@3U_KSPIN_DESCRIPTOR_EX@@A 0002fe18     streamdata.obj
 0003:00000c68       ?StandardMedium@@3UKSIDENTIFIER@@A 0002fe68     streamdata.obj
 0003:00000c80       ?Streams@@3PAU_HW_STREAM_INFORMATION@@A 0002fe80     streamdata.obj
 0003:00000d70       ?VIDCAPTOSTIItem@@3PAUKSEVENT_ITEM@@A 0002ff70     streamdata.obj
 0003:00000de8       ?SONIX_KSEVENTSETID_VIDCAPTOSTI@@3U_GUID@@A 0002ffe8     streamdata.obj
 0003:00000df8       ?VIDCAPTOSTIEventSet@@3PAUKSEVENT_SET@@A 0002fff8     streamdata.obj
 0003:00000e08       ?crc32_table@@3PAKA        00030008     transportstream.obj
 0003:00001208       ___security_cookie         00030408     BufferOverflowK:gs_support.obj
 0003:0000120c       ___security_cookie_complement 0003040c     BufferOverflowK:gs_support.obj
 0003:00001210       __fltused                  00030410     libcntpr:stubs.obj
 0003:00001214       __ldused                   00030414     libcntpr:stubs.obj
 0003:00001270       __indefinite               00030470     libcntpr:87disp.obj
 0003:0000127a       __piby2                    0003047a     libcntpr:87disp.obj
 0003:0000128c       __cpower                   0003048c     libcntpr:87disp.obj
 0003:000012a0       __infinity                 000304a0     libcntpr:87tran.obj
 0003:000012aa       __minfinity                000304aa     libcntpr:87tran.obj
 0003:000012b4       __logemax                  000304b4     libcntpr:87tran.obj
 0003:000012e4       __OP_EXPjmptab             000304e4     libcntpr:87tran.obj
 0003:000013f0       __matherr_flag             000305f0     libcntpr:matherr.obj
 0003:00001410       __d_inf                    00030610     libcntpr:util.obj
 0003:00001418       __d_ind                    00030618     libcntpr:util.obj
 0003:00001420       __d_max                    00030620     libcntpr:util.obj
 0003:00001428       __d_min                    00030628     libcntpr:util.obj
 0003:00001430       __d_mzero                  00030630     libcntpr:util.obj
 0003:00001440       ?gbSSE@@3HA                00030640     basetype.obj
 0003:00001444       ?gbSSE2@@3HA               00030644     basetype.obj
 0003:00001450       ?g_lValue@@3KA             00030650     streamdata.obj
 0003:00001458       ?StreamProperties@@3PAJA   00030658     streamdata.obj
 0003:000014b0       ?drImageFormat@@3PAUtagKS_DATARANGE_VIDEO@@A 000306b0     streamdata.obj
 0003:000042f0       ?drImageFormat_MP2TS@@3PAUtagKS_DATARANGE_VIDEO@@A 000334f0     streamdata.obj
 0003:00007130       ?drStillImageFormat@@3PAUtagKS_DATARANGE_VIDEO@@A 00036330     streamdata.obj
 0003:00009f70       ?StreamFormatsArray@@3PAPATKSDATAFORMAT@@A 00039170     streamdata.obj
 0003:0000a010       ?StreamFormatsArray_MP2TS@@3PAPATKSDATAFORMAT@@A 00039210     streamdata.obj
 0003:0000a0b0       ?StillStreamFormatsArray@@3PAPATKSDATAFORMAT@@A 000392b0     streamdata.obj
 0003:0000a150       ?ExtensionControlProperties@@3PAY07UKSPROPERTY_ITEM@@A 00039350     streamdata.obj
 0003:0000ab50       ?DevicePropertySets@@3PAUKSPROPERTY_SET@@A 00039d50     streamdata.obj
 0003:0000abf0       ?M2TS_BusBWArray@@3PAUMaxPktSizePerInterface@@A 00039df0     streamdata.obj
 0003:0000ace0       ?VideoProcAmpProperties@@3PAUKSPROPERTY_ITEM@@A 00039ee0     streamdata.obj
 0003:0000ae70       ?CameraControlProperties@@3PAUKSPROPERTY_ITEM@@A 0003a070     streamdata.obj
 0003:0000b028       ?ExUnitPropertySetsTable@@3PAUKSPROPERTY_SET@@A 0003a228     streamdata.obj
 0003:0000b0c8       ?CaptureFilterPinDescriptors@@3PAU_KSPIN_DESCRIPTOR_EX@@A 0003a2c8     streamdata.obj
 0003:0000b1c0       ?g_PCRInterval@@3HA        0003a3c0     transportstream.obj
 0003:0000b1c4       ?g_VideoFrameIdx@@3HA      0003a3c4     transportstream.obj
 0003:0000b1c8       ?g_llPTS_Accumulator@@3_JA 0003a3c8     transportstream.obj
 0003:0000b1d0       ?g_InputFileDirectory@@3PADA 0003a3d0     transportstream.obj
 0003:0000b298       ?g_Counter@@3PAUSTRUCT_PROGRAM@@A 0003a498     transportstream.obj
 0003:0000b2c0       ?g_InputFrameNumber@@3HA   0003a4c0     transportstream.obj
 0003:0000b2c4       ?g_PTS_DTS_Flags@@3HA      0003a4c4     transportstream.obj
 0003:0000b2c8       ?g_FrameNamePrefix@@3PADA  0003a4c8     transportstream.obj
 0003:0000b390       ?g_llDTS_Accumulator@@3_JA 0003a590     transportstream.obj
 0003:0000b398       ?g_PROGRAM_COUNT@@3HA      0003a598     transportstream.obj
 0003:0000b3a0       ?g_OutputFileName@@3PADA   0003a5a0     transportstream.obj
 0003:0000b468       ?g_llPCR_Accumulator@@3_JA 0003a668     transportstream.obj
 0003:0000b470       ___fastflag                0003a670     libcntpr:stubs.obj
 0003:0000b474       _errno                     0003a674     <common>
 0004:00187956       ?CFace__CFace@@YGXPAU_CFace@@@Z 001c1fd6 f   facetracking.obj
 0004:00187990       ?CFace_Reset@@YGXPAU_CFace@@@Z 001c2010 f   facetracking.obj
 0004:001879ec       ?CFace_ReSetParam@@YGXPAU_CFace@@@Z 001c206c f   facetracking.obj
 0004:00187ae0       ?CFace_FlipMirrorImage@@YGXPAU_CFace@@@Z 001c2160 f   facetracking.obj
 0004:00187b9c       ?CFace_InitProcessImage@@YGXPAU_CFace@@@Z 001c221c f   facetracking.obj
 0004:00187c4c       ?find_median@@YGHPAHH@Z    001c22cc f   facetracking.obj
 0004:00187d1a       ?CFace_searchStableFace@@YGXPAU_CFace@@@Z 001c239a f   facetracking.obj
 0004:001880cc       ?CFace_DrawFaceRect@@YGXPAU_CFace@@PAE@Z 001c274c f   facetracking.obj
 0004:00188230       ?CFace_CheckMissFace@@YGXPAU_CFace@@@Z 001c28b0 f   facetracking.obj
 0004:001882f0       ?CFace_DoZoomOut@@YGXPAU_CFace@@@Z 001c2970 f   facetracking.obj
 0004:0018832a       ?CFace_DoZoom@@YGXPAU_CFace@@@Z 001c29aa f   facetracking.obj
 0004:001883c4       ?CFace_CreateScaleRotateTable@@YGXPAU_CFace@@MMH@Z 001c2a44 f   facetracking.obj
 0004:001885c0       ?CFace_ScaleRotateImg@@YGXPAU_CFace@@HHPAH1@Z 001c2c40 f   facetracking.obj
 0004:0018866c       ?CFace_Concatenation@@YGXPAU_CFace@@HH@Z 001c2cec f   facetracking.obj
 0004:001887f2       ?CFace_Rotate2Origin@@YGHAAUSTRUCT_DETECT_FACE@@HH@Z 001c2e72 f   facetracking.obj
 0004:0018892c       ?CFace_Convert2FacePos@@YGHPAU_CFace@@PAUSTRUCT_DETECT_FACE@@@Z 001c2fac f   facetracking.obj
 0004:00188a28       ?CFace_GetReport@@YGPAUFaceReport@@PAU_CFace@@@Z 001c30a8 f   facetracking.obj
 0004:00188a3e       ?CFace_ReadFaceTrackParamFromReg@@YGXPAU_CFace@@PAK@Z 001c30be f   facetracking.obj
 0004:00188b48       ?CFace_CFace@@YGPAU_CFace@@XZ 001c31c8 f   facetracking.obj
 0004:00188d3e       ?CFace_ParseSingleImage@@YGXPAU_CFace@@HHHH@Z 001c33be f   facetracking.obj
 0004:0018919e       ?CFace_ParseFaceLooktable@@YGXPAU_CFace@@@Z 001c381e f   facetracking.obj
 0004:001892cc       ?CFace_FindFace@@YGXPAU_CFace@@PAE@Z 001c394c f   facetracking.obj
 0004:0018930a       ?CFace_FaceTrack@@YGXPAU_CFace@@PAE@Z 001c398a f   facetracking.obj
 0004:001894a2       ?DispatchClose@CCaptureFilter@@SGJPAU_KSFILTER@@PAU_IRP@@@Z 001c3b22 f   filter.obj
 0004:001894f4       ?SetProperty@CCaptureFilter@@SGJPAU_IRP@@PAUKSIDENTIFIER@@PAX@Z 001c3b74 f   filter.obj
 0004:00189538       ?GetProperty@CCaptureFilter@@SGJPAU_IRP@@PAUKSIDENTIFIER@@PAX@Z 001c3bb8 f   filter.obj
 0004:0018957c       ?DispatchCreate@CCaptureFilter@@SGJPAU_KSFILTER@@PAU_IRP@@@Z 001c3bfc f   filter.obj
 0004:0018962e       ??0CStillPin@@QAE@PAU_KSPIN@@@Z 001c3cae f   still.obj
 0004:0018965c       ?DispatchClose@CStillPin@@SGJPAU_KSPIN@@PAU_IRP@@@Z 001c3cdc f   still.obj
 0004:0018968c       ?CaptureVideoInfoHeader@CStillPin@@AAEPAUtagKS_VIDEOINFOHEADER@@XZ 001c3d0c f   still.obj
 0004:001896f8       ?InvokePinProcess@CStillPin@@QAEXXZ 001c3d78 f   still.obj
 0004:00189722       ?Process@CStillPin@@AAEJXZ 001c3da2 f   still.obj
 0004:00189824       ?CleanupReferences@CStillPin@@AAEJXZ 001c3ea4 f   still.obj
 0004:0018985e       ?SetState@CStillPin@@AAEJW4KSSTATE@@0@Z 001c3ede f   still.obj
 0004:001899b6       ?IntersectHandler@CStillPin@@SGJPAU_KSFILTER@@PAU_IRP@@PAUKSP_PIN@@PATKSDATAFORMAT@@3KPAXPAK@Z 001c4036 f   still.obj
 0004:00189b50       ?DispatchSetFormat@CStillPin@@SGJPAU_KSPIN@@PATKSDATAFORMAT@@PAUKSMULTIPLE_ITEM@@PBT3@PBUKSATTRIBUTE_LIST@@@Z 001c41d0 f   still.obj
 0004:00189cb6       ?DispatchCreate@CStillPin@@SGJPAU_KSPIN@@PAU_IRP@@@Z 001c4336 f   still.obj
 0004:00189db0       ??_C@_0BI@PCFOOMAA@james?5?3?5oFace?5?$DN?$DN?5NULL?5?6?$AA@NNGAKEGL@ 001c4430     facetracking.obj
 0005:00000005       ___security_init_cookie    001c4485 f   BufferOverflowK:gs_support.obj
 0005:0000003e       _GsDriverEntry@8           001c44be f   BufferOverflowK:gs_support.obj
 0005:00000050       __IMPORT_DESCRIPTOR_ntoskrnl 001c44d0     wdm:ntoskrnl.exe
 0005:00000064       __IMPORT_DESCRIPTOR_HAL    001c44e4     wdm:HAL.DLL
 0005:00000078       __IMPORT_DESCRIPTOR_ks     001c44f8     ks:ks.sys
 0005:0000008c       __IMPORT_DESCRIPTOR_USBD   001c450c     usbd:USBD.SYS
 0005:000000a0       __NULL_IMPORT_DESCRIPTOR   001c4520     wdm:ntoskrnl.exe

 entry point at        0005:0000003e

 Static symbols

